Component: ARM Compiler 5.05 update 1 (build 106) Tool: armlink [4d0efa]

==============================================================================

Section Cross References

    main.o(.text) refers to stm32f4xx_gpio.o(.text) for GPIO_ResetBits
    main.o(.text) refers to qos0pub.o(.text) for mqtt_pub
    main.o(.text) refers to 4gmod.o(.text) for GetNetTim
    main.o(.text) refers to led.o(.text) for LED_Configuration
    main.o(.text) refers to misc.o(.text) for NVIC_PriorityGroupConfig
    main.o(.text) refers to delay.o(.text) for delay_init
    main.o(.text) refers to timer.o(.text) for TIM7_Int_Init
    main.o(.text) refers to usart.o(.text) for vUARTConfiguration
    main.o(.text) refers to iwdg.o(.text) for IWDG_Init
    main.o(.text) refers to com_setting.o(.text) for LoadSetting
    main.o(.text) refers to rtc.o(.text) for My_RTC_Init
    main.o(.text) refers to ec20.o(.text) for EC20_Configuration
    main.o(.text) refers to mbmrtu.o(.text) for MBMSerialInit
    main.o(.text) refers to main.o(.data) for Sys_Base
    main.o(.text) refers to mbmrtu.o(.bss) for stMBMTaskCycle
    main.o(.text) refers to usart.o(.bss) for stuUSART1
    system_stm32f4xx.o(.text) refers to system_stm32f4xx.o(.data) for SystemCoreClock
    led.o(.text) refers to stm32f4xx_rcc.o(.text) for RCC_AHB1PeriphClockCmd
    led.o(.text) refers to stm32f4xx_gpio.o(.text) for GPIO_Init
    beep.o(.text) refers to stm32f4xx_rcc.o(.text) for RCC_AHB1PeriphClockCmd
    beep.o(.text) refers to stm32f4xx_gpio.o(.text) for GPIO_Init
    key.o(.text) refers to stm32f4xx_rcc.o(.text) for RCC_AHB1PeriphClockCmd
    key.o(.text) refers to stm32f4xx_gpio.o(.text) for GPIO_Init
    key.o(.text) refers to delay.o(.text) for delay_ms
    key.o(.text) refers to key.o(.data) for key_up
    stmflash.o(.text) refers to stm32f4xx_flash.o(.text) for FLASH_Unlock
    ec20.o(.text) refers to stm32f4xx_rcc.o(.text) for RCC_AHB1PeriphClockCmd
    ec20.o(.text) refers to stm32f4xx_gpio.o(.text) for GPIO_Init
    ec20.o(.text) refers to delay.o(.text) for delay_ms
    rtc.o(.text) refers to stm32f4xx_rtc.o(.text) for RTC_SetTime
    rtc.o(.text) refers to mktime.o(.text) for mktime
    rtc.o(.text) refers to stm32f4xx_rcc.o(.text) for RCC_APB1PeriphClockCmd
    rtc.o(.text) refers to stm32f4xx_pwr.o(.text) for PWR_BackupAccessCmd
    rtc.o(.text) refers to delay.o(.text) for delay_ms
    rtc.o(.text) refers to rtc.o(.data) for tt55
    iwdg.o(.text) refers to stm32f4xx_iwdg.o(.text) for IWDG_WriteAccessCmd
    iwdg.o(.text) refers to timer.o(.text) for Tim_CHA
    iwdg.o(.text) refers to iwdg.o(.data) for stdogTaskCycle
    delay.o(.text) refers to misc.o(.text) for SysTick_CLKSourceConfig
    delay.o(.text) refers to delay.o(.data) for fac_us
    usart.o(.text) refers to stm32f4xx_rcc.o(.text) for RCC_AHB1PeriphClockCmd
    usart.o(.text) refers to stm32f4xx_dma.o(.text) for DMA_DeInit
    usart.o(.text) refers to stm32f4xx_usart.o(.text) for USART_DMACmd
    usart.o(.text) refers to misc.o(.text) for NVIC_Init
    usart.o(.text) refers to stm32f4xx_gpio.o(.text) for GPIO_PinAFConfig
    usart.o(.text) refers to usart.o(.bss) for stuUSART1
    usart.o(.text) refers to com_setting.o(.text) for SettinRxPro
    usart.o(.text) refers to mbmrtu.o(.text) for vMBPUSART1ISR
    usart.o(.text) refers to delay.o(.text) for delay_ms
    startup_stm32f40_41xxx.o(STACK) refers (Special) to heapauxi.o(.text) for __use_two_region_memory
    startup_stm32f40_41xxx.o(HEAP) refers (Special) to heapauxi.o(.text) for __use_two_region_memory
    startup_stm32f40_41xxx.o(RESET) refers (Special) to heapauxi.o(.text) for __use_two_region_memory
    startup_stm32f40_41xxx.o(RESET) refers to startup_stm32f40_41xxx.o(STACK) for __initial_sp
    startup_stm32f40_41xxx.o(RESET) refers to startup_stm32f40_41xxx.o(.text) for Reset_Handler
    startup_stm32f40_41xxx.o(RESET) refers to stm32f4xx_it.o(.text) for NMI_Handler
    startup_stm32f40_41xxx.o(RESET) refers to rtc.o(.text) for RTC_WKUP_IRQHandler
    startup_stm32f40_41xxx.o(RESET) refers to usart.o(.text) for DMA1_Stream3_IRQHandler
    startup_stm32f40_41xxx.o(RESET) refers to timer.o(.text) for TIM3_IRQHandler
    startup_stm32f40_41xxx.o(.text) refers (Special) to heapauxi.o(.text) for __use_two_region_memory
    startup_stm32f40_41xxx.o(.text) refers to system_stm32f4xx.o(.text) for SystemInit
    startup_stm32f40_41xxx.o(.text) refers to __main.o(!!!main) for __main
    startup_stm32f40_41xxx.o(.text) refers to startup_stm32f40_41xxx.o(HEAP) for Heap_Mem
    startup_stm32f40_41xxx.o(.text) refers to startup_stm32f40_41xxx.o(STACK) for Stack_Mem
    stm32f4xx_gpio.o(.text) refers to stm32f4xx_rcc.o(.text) for RCC_AHB1PeriphResetCmd
    stm32f4xx_rcc.o(.text) refers to stm32f4xx_rcc.o(.data) for APBAHBPrescTable
    stm32f4xx_syscfg.o(.text) refers to stm32f4xx_rcc.o(.text) for RCC_APB2PeriphResetCmd
    stm32f4xx_usart.o(.text) refers to stm32f4xx_rcc.o(.text) for RCC_APB2PeriphResetCmd
[...]
    __Vectors_Size                           0x00000188   Number         0  startup_stm32f40_41xxx.o ABSOLUTE
    __Vectors                                0x08000000   Data           4  startup_stm32f40_41xxx.o(RESET)
    __Vectors_End                            0x08000188   Data           0  startup_stm32f40_41xxx.o(RESET)
    __main                                   0x08000189   Thumb Code     8  __main.o(!!!main)
    __scatterload                            0x08000191   Thumb Code     0  __scatter.o(!!!scatter)
    __scatterload_rt2                        0x08000191   Thumb Code    44  __scatter.o(!!!scatter)
    __scatterload_rt2_thumb_only             0x08000191   Thumb Code     0  __scatter.o(!!!scatter)
    __scatterload_null                       0x0800019f   Thumb Code     0  __scatter.o(!!!scatter)
    __scatterload_copy                       0x080001c5   Thumb Code    26  __scatter_copy.o(!!handler_copy)
    __scatterload_zeroinit                   0x080001e1   Thumb Code    28  __scatter_zi.o(!!handler_zi)
    _printf_d                                0x080001fd   Thumb Code     0  _printf_d.o(.ARM.Collect$$_printf_percent$$00000009)
    _printf_percent                          0x080001fd   Thumb Code     0  _printf_percent.o(.ARM.Collect$$_printf_percent$$00000000)
    _printf_s                                0x08000203   Thumb Code     0  _printf_s.o(.ARM.Collect$$_printf_percent$$00000014)
    _printf_percent_end                      0x08000209   Thumb Code     0  _printf_percent_end.o(.ARM.Collect$$_printf_percent$$00000017)
    __rt_lib_init                            0x0800020d   Thumb Code     0  libinit.o(.ARM.Collect$$libinit$$00000000)
    __rt_lib_init_fp_1                       0x0800020f   Thumb Code     0  libinit2.o(.ARM.Collect$$libinit$$00000001)
    __rt_lib_init_heap_1                     0x08000213   Thumb Code     0  libinit2.o(.ARM.Collect$$libinit$$0000000A)
    __rt_lib_init_lc_common                  0x08000213   Thumb Code     0  libinit2.o(.ARM.Collect$$libinit$$0000000F)
    __rt_lib_init_preinit_1                  0x08000213   Thumb Code     0  libinit2.o(.ARM.Collect$$libinit$$00000004)
    __rt_lib_init_rand_1                     0x08000213   Thumb Code     0  libinit2.o(.ARM.Collect$$libinit$$0000000E)
    __rt_lib_init_user_alloc_1               0x08000213   Thumb Code     0  libinit2.o(.ARM.Collect$$libinit$$0000000C)
    __rt_lib_init_lc_collate_1               0x08000219   Thumb Code     0  libinit2.o(.ARM.Collect$$libinit$$00000011)
    __rt_lib_init_lc_ctype_2                 0x08000219   Thumb Code     0  libinit2.o(.ARM.Collect$$libinit$$00000012)
    __rt_lib_init_alloca_1                   0x08000225   Thumb Code     0  libinit2.o(.ARM.Collect$$libinit$$0000002E)
    __rt_lib_init_argv_1                     0x08000225   Thumb Code     0  libinit2.o(.ARM.Collect$$libinit$$0000002C)
    __rt_lib_init_atexit_1                   0x08000225   Thumb Code     0  libinit2.o(.ARM.Collect$$libinit$$0000001B)
    __rt_lib_init_clock_1                    0x08000225   Thumb Code     0  libinit2.o(.ARM.Collect$$libinit$$00000021)
    __rt_lib_init_cpp_1                      0x08000225   Thumb Code     0  libinit2.o(.ARM.Collect$$libinit$$00000032)
    __rt_lib_init_exceptions_1               0x08000225   Thumb Code     0  libinit2.o(.ARM.Collect$$libinit$$00000030)
    __rt_lib_init_fp_trap_1                  0x08000225   Thumb Code     0  libinit2.o(.ARM.Collect$$libinit$$0000001F)
    __rt_lib_init_getenv_1                   0x08000225   Thumb Code     0  libinit2.o(.ARM.Collect$$libinit$$00000023)
    __rt_lib_init_lc_ctype_1                 0x08000225   Thumb Code     0  libinit2.o(.ARM.Collect$$libinit$$00000013)
    __rt_lib_init_lc_monetary_1              0x08000225   Thumb Code     0  libinit2.o(.ARM.Collect$$libinit$$00000015)
    __rt_lib_init_lc_numeric_1               0x08000225   Thumb Code     0  libinit2.o(.ARM.Collect$$libinit$$00000017)
    __rt_lib_init_lc_time_1                  0x08000225   Thumb Code     0  libinit2.o(.ARM.Collect$$libinit$$00000019)
    __rt_lib_init_return                     0x08000225   Thumb Code     0  libinit2.o(.ARM.Collect$$libinit$$00000033)
    __rt_lib_init_signal_1                   0x08000225   Thumb Code     0  libinit2.o(.ARM.Collect$$libinit$$0000001D)
    __rt_lib_init_stdio_1                    0x08000225   Thumb Code     0  libinit2.o(.ARM.Collect$$libinit$$00000025)
    __rt_lib_shutdown                        0x08000227   Thumb Code     0  libshutdown.o(.ARM.Collect$$libshutdown$$00000000)
    __rt_lib_shutdown_fp_trap_1              0x08000229   Thumb Code     0  libshutdown2.o(.ARM.Collect$$libshutdown$$00000006)
    __rt_lib_shutdown_heap_1                 0x08000229   Thumb Code     0  libshutdown2.o(.ARM.Collect$$libshutdown$$0000000E)
    __rt_lib_shutdown_return                 0x08000229   Thumb Code     0  libshutdown2.o(.ARM.Collect$$libshutdown$$0000000F)
    __rt_lib_shutdown_signal_1               0x08000229   Thumb Code     0  libshutdown2.o(.ARM.Collect$$libshutdown$$00000009)
    __rt_lib_shutdown_stdio_1                0x08000229   Thumb Code     0  libshutdown2.o(.ARM.Collect$$libshutdown$$00000003)
    __rt_lib_shutdown_user_alloc_1           0x08000229   Thumb Code     0  libshutdown2.o(.ARM.Collect$$libshutdown$$0000000B)
    __rt_entry                               0x0800022b   Thumb Code     0  __rtentry.o(.ARM.Collect$$rtentry$$00000000)
    __rt_entry_presh_1                       0x0800022b   Thumb Code     0  __rtentry2.o(.ARM.Collect$$rtentry$$00000002)
    __rt_entry_sh                            0x0800022b   Thumb Code     0  __rtentry4.o(.ARM.Collect$$rtentry$$00000004)
    __rt_entry_li                            0x08000231   Thumb Code     0  __rtentry2.o(.ARM.Collect$$rtentry$$0000000A)
    __rt_entry_postsh_1                      0x08000231   Thumb Code     0  __rtentry2.o(.ARM.Collect$$rtentry$$00000009)
    __rt_entry_main                          0x08000235   Thumb Code     0  __rtentry2.o(.ARM.Collect$$rtentry$$0000000D)
    __rt_entry_postli_1                      0x08000235   Thumb Code     0  __rtentry2.o(.ARM.Collect$$rtentry$$0000000C)
    __rt_exit                                0x0800023d   Thumb Code     0  rtexit.o(.ARM.Collect$$rtexit$$00000000)
    __rt_exit_ls                             0x0800023f   Thumb Code     0  rtexit2.o(.ARM.Collect$$rtexit$$00000003)
    __rt_exit_prels_1                        0x0800023f   Thumb Code     0  rtexit2.o(.ARM.Collect$$rtexit$$00000002)
    __rt_exit_exit                           0x08000243   Thumb Code     0  rtexit2.o(.ARM.Collect$$rtexit$$00000004)
    SysInitTim                               0x08000249   Thumb Code    42  main.o(.text)
    Init_Base                                0x08000273   Thumb Code    88  main.o(.text)
    mqtt_PRO                                 0x080002cb   Thumb Code    78  main.o(.text)
    main                                     0x08000319   Thumb Code   304  main.o(.text)
    NMI_Handler                              0x08000475   Thumb Code     2  stm32f4xx_it.o(.text)
    HardFault_Handler                        0x08000477   Thumb Code     4  stm32f4xx_it.o(.text)
    MemManage_Handler                        0x0800047b   Thumb Code     4  stm32f4xx_it.o(.text)
    BusFault_Handler                         0x0800047f   Thumb Code     4  stm32f4xx_it.o(.text)
    UsageFault_Handler                       0x08000483   Thumb Code     4  stm32f4xx_it.o(.text)
    SVC_Handler                              0x08000487   Thumb Code     2  stm32f4xx_it.o(.text)
    DebugMon_Handler                         0x08000489   Thumb Code     2  stm32f4xx_it.o(.text)
    PendSV_Handler                           0x0800048b   Thumb Code     2  stm32f4xx_it.o(.text)
    SysTick_Handler                          0x0800048d   Thumb Code     2  stm32f4xx_it.o(.text)
    SystemInit                               0x0800056d   Thumb Code    88  system_stm32f4xx.o(.text)
    SystemCoreClockUpdate                    0x080005c5   Thumb Code   174  system_stm32f4xx.o(.text)
    LED_Configuration                        0x080006a1   Thumb Code   188  led.o(.text)
    LED_TogglePin                            0x0800075d   Thumb Code     8  led.o(.text)
    STMFLASH_ReadWord                        0x08000771   Thumb Code     6  stmflash.o(.text)
    STMFLASH_GetFlashSector                  0x08000777   Thumb Code   116  stmflash.o(.text)
    STMFLASH_Erase                           0x080007eb   Thumb Code    60  stmflash.o(.text)
    STMFLASH_Write                           0x08000827   Thumb Code    90  stmflash.o(.text)
    STMFLASH_Read                            0x08000881   Thumb Code    32  stmflash.o(.text)
    EC20_Configuration                       0x080008cd   Thumb Code    58  ec20.o(.text)
    RTC_Set_Time                             0x0800090d   Thumb Code    36  rtc.o(.text)
    RTC_Set_Date                             0x08000931   Thumb Code    36  rtc.o(.text)
    getTimeStamp                             0x08000955   Thumb Code    70  rtc.o(.text)
    getRealTimeStamp                         0x0800099b   Thumb Code   226  rtc.o(.text)
    My_RTC_Init                              0x08000a7d   Thumb Code   138  rtc.o(.text)
    RTC_Set_AlarmA                           0x08000b07   Thumb Code     2  rtc.o(.text)
    RTC_Set_WakeUp                           0x08000b09   Thumb Code     2  rtc.o(.text)
    RTC_Alarm_IRQHandler                     0x08000b0b   Thumb Code     2  rtc.o(.text)
    RTC_WKUP_IRQHandler                      0x08000b0d   Thumb Code     2  rtc.o(.text)
    IWDG_Init                                0x08000b15   Thumb Code    44  iwdg.o(.text)
    IWDG_Feed_TIM                            0x08000b41   Thumb Code    26  iwdg.o(.text)
    delay_init                               0x08000b65   Thumb Code    52  delay.o(.text)
    delay_us                                 0x08000b99   Thumb Code    72  delay.o(.text)
    delay_xms                                0x08000be1   Thumb Code    72  delay.o(.text)
    delay_ms                                 0x08000c29   Thumb Code    56  delay.o(.text)
    delay_s                                  0x08000c61   Thumb Code    24  delay.o(.text)
    MYDMA_Config                             0x08000c81   Thumb Code   188  usart.o(.text)
    Uart3_init                               0x08000d3d   Thumb Code   234  usart.o(.text)
    Uart6_init                               0x08000e27   Thumb Code   194  usart.o(.text)
    Uart1_init                               0x08000ee9   Thumb Code   194  usart.o(.text)
    vUARTConfiguration                       0x08000fab   Thumb Code   174  usart.o(.text)
    MYDMA_Enable                             0x08001059   Thumb Code   146  usart.o(.text)
    USART1_IRQHandler                        0x080010eb   Thumb Code    84  usart.o(.text)
    DMA2_Stream7_IRQHandler                  0x0800113f   Thumb Code    54  usart.o(.text)
    USART3_IRQHandler                        0x08001175   Thumb Code    90  usart.o(.text)
    DMA1_Stream3_IRQHandler                  0x080011cf   Thumb Code    60  usart.o(.text)
    USART6_IRQHandler                        0x0800120b   Thumb Code    78  usart.o(.text)
    DMA2_Stream6_IRQHandler                  0x08001259   Thumb Code    44  usart.o(.text)
    Reset_Handler                            0x080012ad   Thumb Code     8  startup_stm32f40_41xxx.o(.text)
    ADC_IRQHandler                           0x080012c7   Thumb Code     0  startup_stm32f40_41xxx.o(.text)
    CAN1_RX0_IRQHandler                      0x080012c7   Thumb Code     0  startup_stm32f40_41xxx.o(.text)
    CAN1_RX1_IRQHandler                      0x080012c7   Thumb Code     0  startup_stm32f40_41xxx.o(.text)
    CAN1_SCE_IRQHandler                      0x080012c7   Thumb Code     0  startup_stm32f40_41xxx.o(.text)
    CAN1_TX_IRQHandler                       0x080012c7   Thumb Code     0  startup_stm32f40_41xxx.o(.text)
    CAN2_RX0_IRQHandler                      0x080012c7   Thumb Code     0  startup_stm32f40_41xxx.o(.text)
    CAN2_RX1_IRQHandler                      0x080012c7   Thumb Code     0  startup_stm32f40_41xxx.o(.text)
    CAN2_SCE_IRQHandler                      0x080012c7   Thumb Code     0  startup_stm32f40_41xxx.o(.text)
    CAN2_TX_IRQHandler                       0x080012c7   Thumb Code     0  startup_stm32f40_41xxx.o(.text)
    CRYP_IRQHandler                          0x080012c7   Thumb Code     0  startup_stm32f40_41xxx.o(.text)
    DCMI_IRQHandler                          0x080012c7   Thumb Code     0  startup_stm32f40_41xxx.o(.text)
    DMA1_Stream0_IRQHandler                  0x080012c7   Thumb Code     0  startup_stm32f40_41xxx.o(.text)
    DMA1_Stream1_IRQHandler                  0x080012c7   Thumb Code     0  startup_stm32f40_41xxx.o(.text)
    DMA1_Stream2_IRQHandler                  0x080012c7   Thumb Code     0  startup_stm32f40_41xxx.o(.text)
    DMA1_Stream4_IRQHandler                  0x080012c7   Thumb Code     0  startup_stm32f40_41xxx.o(.text)
    DMA1_Stream5_IRQHandler                  0x080012c7   Thumb Code     0  startup_stm32f40_41xxx.o(.text)
    DMA1_Stream6_IRQHandler                  0x080012c7   Thumb Code     0  startup_stm32f40_41xxx.o(.text)
    DMA1_Stream7_IRQHandler                  0x080012c7   Thumb Code     0  startup_stm32f40_41xxx.o(.text)
    DMA2_Stream0_IRQHandler                  0x080012c7   Thumb Code     0  startup_stm32f40_41xxx.o(.text)
    DMA2_Stream1_IRQHandler                  0x080012c7   Thumb Code     0  startup_stm32f40_41xxx.o(.text)
    DMA2_Stream2_IRQHandler                  0x080012c7   Thumb Code     0  startup_stm32f40_41xxx.o(.text)
    DMA2_Stream3_IRQHandler                  0x080012c7   Thumb Code     0  startup_stm32f40_41xxx.o(.text)
    DMA2_Stream4_IRQHandler                  0x080012c7   Thumb Code     0  startup_stm32f40_41xxx.o(.text)
    DMA2_Stream5_IRQHandler                  0x080012c7   Thumb Code     0  startup_stm32f40_41xxx.o(.text)
    ETH_IRQHandler                           0x080012c7   Thumb Code     0  startup_stm32f40_41xxx.o(.text)
    ETH_WKUP_IRQHandler                      0x080012c7   Thumb Code     0  startup_stm32f40_41xxx.o(.text)
    EXTI0_IRQHandler                         0x080012c7   Thumb Code     0  startup_stm32f40_41xxx.o(.text)
    EXTI15_10_IRQHandler                     0x080012c7   Thumb Code     0  startup_stm32f40_41xxx.o(.text)
    EXTI1_IRQHandler                         0x080012c7   Thumb Code     0  startup_stm32f40_41xxx.o(.text)
    EXTI2_IRQHandler                         0x080012c7   Thumb Code     0  startup_stm32f40_41xxx.o(.text)
    EXTI3_IRQHandler                         0x080012c7   Thumb Code     0  startup_stm32f40_41xxx.o(.text)
    EXTI4_IRQHandler                         0x080012c7   Thumb Code     0  startup_stm32f40_41xxx.o(.text)
    EXTI9_5_IRQHandler                       0x080012c7   Thumb Code     0  startup_stm32f40_41xxx.o(.text)
    FLASH_IRQHandler                         0x080012c7   Thumb Code     0  startup_stm32f40_41xxx.o(.text)
    FPU_IRQHandler                           0x080012c7   Thumb Code     0  startup_stm32f40_41xxx.o(.text)
    FSMC_IRQHandler                          0x080012c7   Thumb Code     0  startup_stm32f40_41xxx.o(.text)
    HASH_RNG_IRQHandler                      0x080012c7   Thumb Code     0  startup_stm32f40_41xxx.o(.text)
    I2C1_ER_IRQHandler                       0x080012c7   Thumb Code     0  startup_stm32f40_41xxx.o(.text)
    I2C1_EV_IRQHandler                       0x080012c7   Thumb Code     0  startup_stm32f40_41xxx.o(.text)
    I2C2_ER_IRQHandler                       0x080012c7   Thumb Code     0  startup_stm32f40_41xxx.o(.text)
    I2C2_EV_IRQHandler                       0x080012c7   Thumb Code     0  startup_stm32f40_41xxx.o(.text)
    I2C3_ER_IRQHandler                       0x080012c7   Thumb Code     0  startup_stm32f40_41xxx.o(.text)
    I2C3_EV_IRQHandler                       0x080012c7   Thumb Code     0  startup_stm32f40_41xxx.o(.text)
    OTG_FS_IRQHandler                        0x080012c7   Thumb Code     0  startup_stm32f40_41xxx.o(.text)
    OTG_FS_WKUP_IRQHandler                   0x080012c7   Thumb Code     0  startup_stm32f40_41xxx.o(.text)
    OTG_HS_EP1_IN_IRQHandler                 0x080012c7   Thumb Code     0  startup_stm32f40_41xxx.o(.text)
    OTG_HS_EP1_OUT_IRQHandler                0x080012c7   Thumb Code     0  startup_stm32f40_41xxx.o(.text)
    OTG_HS_IRQHandler                        0x080012c7   Thumb Code     0  startup_stm32f40_41xxx.o(.text)
    OTG_HS_WKUP_IRQHandler                   0x080012c7   Thumb Code     0  startup_stm32f40_41xxx.o(.text)
    PVD_IRQHandler                           0x080012c7   Thumb Code     0  startup_stm32f40_41xxx.o(.text)
    RCC_IRQHandler                           0x080012c7   Thumb Code     0  startup_stm32f40_41xxx.o(.text)
    SDIO_IRQHandler                          0x080012c7   Thumb Code     0  startup_stm32f40_41xxx.o(.text)
    SPI1_IRQHandler                          0x080012c7   Thumb Code     0  startup_stm32f40_41xxx.o(.text)
    SPI2_IRQHandler                          0x080012c7   Thumb Code     0  startup_stm32f40_41xxx.o(.text)
    SPI3_IRQHandler                          0x080012c7   Thumb Code     0  startup_stm32f40_41xxx.o(.text)
    TAMP_STAMP_IRQHandler                    0x080012c7   Thumb Code     0  startup_stm32f40_41xxx.o(.text)
    TIM1_BRK_TIM9_IRQHandler                 0x080012c7   Thumb Code     0  startup_stm32f40_41xxx.o(.text)
    TIM1_CC_IRQHandler                       0x080012c7   Thumb Code     0  startup_stm32f40_41xxx.o(.text)
    TIM1_TRG_COM_TIM11_IRQHandler            0x080012c7   Thumb Code     0  startup_stm32f40_41xxx.o(.text)
    TIM1_UP_TIM10_IRQHandler                 0x080012c7   Thumb Code     0  startup_stm32f40_41xxx.o(.text)
    TIM2_IRQHandler                          0x080012c7   Thumb Code     0  startup_stm32f40_41xxx.o(.text)
    TIM4_IRQHandler                          0x080012c7   Thumb Code     0  startup_stm32f40_41xxx.o(.text)
    TIM5_IRQHandler                          0x080012c7   Thumb Code     0  startup_stm32f40_41xxx.o(.text)
    TIM6_DAC_IRQHandler                      0x080012c7   Thumb Code     0  startup_stm32f40_41xxx.o(.text)
    TIM8_BRK_TIM12_IRQHandler                0x080012c7   Thumb Code     0  startup_stm32f40_41xxx.o(.text)
    TIM8_CC_IRQHandler                       0x080012c7   Thumb Code     0  startup_stm32f40_41xxx.o(.text)
    TIM8_TRG_COM_TIM14_IRQHandler            0x080012c7   Thumb Code     0  startup_stm32f40_41xxx.o(.text)
    TIM8_UP_TIM13_IRQHandler                 0x080012c7   Thumb Code     0  startup_stm32f40_41xxx.o(.text)
    UART4_IRQHandler                         0x080012c7   Thumb Code     0  startup_stm32f40_41xxx.o(.text)
    UART5_IRQHandler                         0x080012c7   Thumb Code     0  startup_stm32f40_41xxx.o(.text)
    USART2_IRQHandler                        0x080012c7   Thumb Code     0  startup_stm32f40_41xxx.o(.text)
    WWDG_IRQHandler                          0x080012c7   Thumb Code     0  startup_stm32f40_41xxx.o(.text)
    __user_initial_stackheap                 0x080012c9   Thumb Code     0  startup_stm32f40_41xxx.o(.text)
    NVIC_PriorityGroupConfig                 0x080012ed   Thumb Code    10  misc.o(.text)
    NVIC_Init                                0x080012f7   Thumb Code   106  misc.o(.text)
    NVIC_SetVectorTable                      0x08001361   Thumb Code    14  misc.o(.text)
    NVIC_SystemLPConfig                      0x0800136f   Thumb Code    34  misc.o(.text)
    SysTick_CLKSourceConfig                  0x08001391   Thumb Code    40  misc.o(.text)
    GPIO_DeInit                              0x080013cd   Thumb Code   268  stm32f4xx_gpio.o(.text)
    GPIO_Init                                0x080014d9   Thumb Code   144  stm32f4xx_gpio.o(.text)
    GPIO_StructInit                          0x08001569   Thumb Code    18  stm32f4xx_gpio.o(.text)
    GPIO_PinLockConfig                       0x0800157b   Thumb Code    34  stm32f4xx_gpio.o(.text)
    GPIO_ReadInputDataBit                    0x0800159d   Thumb Code    18  stm32f4xx_gpio.o(.text)
    GPIO_ReadInputData                       0x080015af   Thumb Code     8  stm32f4xx_gpio.o(.text)
    GPIO_ReadOutputDataBit                   0x080015b7   Thumb Code    18  stm32f4xx_gpio.o(.text)
    GPIO_ReadOutputData                      0x080015c9   Thumb Code     8  stm32f4xx_gpio.o(.text)
    GPIO_SetBits                             0x080015d1   Thumb Code     4  stm32f4xx_gpio.o(.text)
    GPIO_ResetBits                           0x080015d5   Thumb Code     4  stm32f4xx_gpio.o(.text)
    GPIO_WriteBit                            0x080015d9   Thumb Code    10  stm32f4xx_gpio.o(.text)
    GPIO_Write                               0x080015e3   Thumb Code     4  stm32f4xx_gpio.o(.text)
    GPIO_ToggleBits                          0x080015e7   Thumb Code     8  stm32f4xx_gpio.o(.text)
    GPIO_PinAFConfig                         0x080015ef   Thumb Code    70  stm32f4xx_gpio.o(.text)
    RCC_DeInit                               0x08001661   Thumb Code    82  stm32f4xx_rcc.o(.text)
    RCC_HSEConfig                            0x080016b3   Thumb Code    14  stm32f4xx_rcc.o(.text)
    RCC_GetFlagStatus                        0x080016c1   Thumb Code    60  stm32f4xx_rcc.o(.text)
    RCC_WaitForHSEStartUp                    0x080016fd   Thumb Code    56  stm32f4xx_rcc.o(.text)
    RCC_AdjustHSICalibrationValue            0x08001735   Thumb Code    20  stm32f4xx_rcc.o(.text)
    RCC_HSICmd                               0x08001749   Thumb Code     6  stm32f4xx_rcc.o(.text)
    RCC_LSEConfig                            0x0800174f   Thumb Code    46  stm32f4xx_rcc.o(.text)
    RCC_LSICmd                               0x0800177d   Thumb Code     6  stm32f4xx_rcc.o(.text)
    RCC_PLLConfig                            0x08001783   Thumb Code    32  stm32f4xx_rcc.o(.text)
    RCC_PLLCmd                               0x080017a3   Thumb Code     6  stm32f4xx_rcc.o(.text)
    RCC_PLLI2SConfig                         0x080017a9   Thumb Code    14  stm32f4xx_rcc.o(.text)
    RCC_PLLI2SCmd                            0x080017b7   Thumb Code     6  stm32f4xx_rcc.o(.text)
    RCC_PLLSAIConfig                         0x080017bd   Thumb Code    20  stm32f4xx_rcc.o(.text)
    RCC_PLLSAICmd                            0x080017d1   Thumb Code     6  stm32f4xx_rcc.o(.text)
    RCC_ClockSecuritySystemCmd               0x080017d7   Thumb Code     6  stm32f4xx_rcc.o(.text)
    RCC_MCO1Config                           0x080017dd   Thumb Code    28  stm32f4xx_rcc.o(.text)
    RCC_MCO2Config                           0x080017f9   Thumb Code    28  stm32f4xx_rcc.o(.text)
    RCC_SYSCLKConfig                         0x08001815   Thumb Code    20  stm32f4xx_rcc.o(.text)
    RCC_GetSYSCLKSource                      0x08001829   Thumb Code    12  stm32f4xx_rcc.o(.text)
    RCC_HCLKConfig                           0x08001835   Thumb Code    20  stm32f4xx_rcc.o(.text)
    RCC_PCLK1Config                          0x08001849   Thumb Code    20  stm32f4xx_rcc.o(.text)
    RCC_PCLK2Config                          0x0800185d   Thumb Code    22  stm32f4xx_rcc.o(.text)
    RCC_GetClocksFreq                        0x08001873   Thumb Code   222  stm32f4xx_rcc.o(.text)
    RCC_RTCCLKConfig                         0x08001951   Thumb Code    54  stm32f4xx_rcc.o(.text)
    RCC_RTCCLKCmd                            0x08001987   Thumb Code     8  stm32f4xx_rcc.o(.text)
    RCC_BackupResetCmd                       0x0800198f   Thumb Code     8  stm32f4xx_rcc.o(.text)
    RCC_I2SCLKConfig                         0x08001997   Thumb Code     6  stm32f4xx_rcc.o(.text)
    RCC_SAIPLLI2SClkDivConfig                0x0800199d   Thumb Code    26  stm32f4xx_rcc.o(.text)
    RCC_SAIPLLSAIClkDivConfig                0x080019b7   Thumb Code    28  stm32f4xx_rcc.o(.text)
    RCC_SAIBlockACLKConfig                   0x080019d3   Thumb Code    20  stm32f4xx_rcc.o(.text)
    RCC_SAIBlockBCLKConfig                   0x080019e7   Thumb Code    20  stm32f4xx_rcc.o(.text)
    RCC_LTDCCLKDivConfig                     0x080019fb   Thumb Code    20  stm32f4xx_rcc.o(.text)
    RCC_TIMCLKPresConfig                     0x08001a0f   Thumb Code     6  stm32f4xx_rcc.o(.text)
    RCC_AHB1PeriphClockCmd                   0x08001a15   Thumb Code    34  stm32f4xx_rcc.o(.text)
    RCC_AHB2PeriphClockCmd                   0x08001a37   Thumb Code    78  stm32f4xx_rcc.o(.text)
    RCC_AHB3PeriphClockCmd                   0x08001a85   Thumb Code    34  stm32f4xx_rcc.o(.text)
    RCC_APB1PeriphClockCmd                   0x08001aa7   Thumb Code    34  stm32f4xx_rcc.o(.text)
    RCC_APB2PeriphClockCmd                   0x08001ac9   Thumb Code    34  stm32f4xx_rcc.o(.text)
    RCC_AHB1PeriphResetCmd                   0x08001aeb   Thumb Code    34  stm32f4xx_rcc.o(.text)
    RCC_AHB2PeriphResetCmd                   0x08001b0d   Thumb Code    34  stm32f4xx_rcc.o(.text)
    RCC_AHB3PeriphResetCmd                   0x08001b2f   Thumb Code    34  stm32f4xx_rcc.o(.text)
    RCC_APB1PeriphResetCmd                   0x08001b51   Thumb Code    34  stm32f4xx_rcc.o(.text)
    RCC_APB2PeriphResetCmd                   0x08001b73   Thumb Code    34  stm32f4xx_rcc.o(.text)
    RCC_AHB1PeriphClockLPModeCmd             0x08001b95   Thumb Code    34  stm32f4xx_rcc.o(.text)
    RCC_AHB2PeriphClockLPModeCmd             0x08001bb7   Thumb Code    34  stm32f4xx_rcc.o(.text)
    RCC_AHB3PeriphClockLPModeCmd             0x08001bd9   Thumb Code    34  stm32f4xx_rcc.o(.text)
    RCC_APB1PeriphClockLPModeCmd             0x08001bfb   Thumb Code    34  stm32f4xx_rcc.o(.text)
    RCC_APB2PeriphClockLPModeCmd             0x08001c1d   Thumb Code    34  stm32f4xx_rcc.o(.text)
    RCC_LSEModeConfig                        0x08001c3f   Thumb Code    40  stm32f4xx_rcc.o(.text)
    RCC_ITConfig                             0x08001c67   Thumb Code    34  stm32f4xx_rcc.o(.text)
    RCC_ClearFlag                            0x08001c89   Thumb Code    18  stm32f4xx_rcc.o(.text)
    RCC_GetITStatus                          0x08001c9b   Thumb Code    22  stm32f4xx_rcc.o(.text)
    RCC_ClearITPendingBit                    0x08001cb1   Thumb Code     8  stm32f4xx_rcc.o(.text)
    USART_DeInit                             0x08001cbd   Thumb Code   206  stm32f4xx_usart.o(.text)
    USART_Init                               0x08001d8b   Thumb Code   204  stm32f4xx_usart.o(.text)
    USART_StructInit                         0x08001e57   Thumb Code    24  stm32f4xx_usart.o(.text)
    USART_ClockInit                          0x08001e6f   Thumb Code    32  stm32f4xx_usart.o(.text)
    USART_ClockStructInit                    0x08001e8f   Thumb Code    12  stm32f4xx_usart.o(.text)
    USART_Cmd                                0x08001e9b   Thumb Code    24  stm32f4xx_usart.o(.text)
    USART_SetPrescaler                       0x08001eb3   Thumb Code    16  stm32f4xx_usart.o(.text)
    USART_OverSampling8Cmd                   0x08001ec3   Thumb Code    22  stm32f4xx_usart.o(.text)
    USART_OneBitMethodCmd                    0x08001ed9   Thumb Code    24  stm32f4xx_usart.o(.text)
    USART_SendData                           0x08001ef1   Thumb Code     8  stm32f4xx_usart.o(.text)
    USART_ReceiveData                        0x08001ef9   Thumb Code    10  stm32f4xx_usart.o(.text)
    USART_SetAddress                         0x08001f03   Thumb Code    18  stm32f4xx_usart.o(.text)
    USART_ReceiverWakeUpCmd                  0x08001f15   Thumb Code    24  stm32f4xx_usart.o(.text)
    USART_WakeUpConfig                       0x08001f2d   Thumb Code    18  stm32f4xx_usart.o(.text)
    USART_LINBreakDetectLengthConfig         0x08001f3f   Thumb Code    18  stm32f4xx_usart.o(.text)
    USART_LINCmd                             0x08001f51   Thumb Code    24  stm32f4xx_usart.o(.text)
    USART_SendBreak                          0x08001f69   Thumb Code    10  stm32f4xx_usart.o(.text)
    USART_HalfDuplexCmd                      0x08001f73   Thumb Code    24  stm32f4xx_usart.o(.text)
    USART_SetGuardTime                       0x08001f8b   Thumb Code    16  stm32f4xx_usart.o(.text)
    USART_SmartCardCmd                       0x08001f9b   Thumb Code    24  stm32f4xx_usart.o(.text)
    USART_SmartCardNACKCmd                   0x08001fb3   Thumb Code    24  stm32f4xx_usart.o(.text)
    USART_IrDAConfig                         0x08001fcb   Thumb Code    18  stm32f4xx_usart.o(.text)
    USART_IrDACmd                            0x08001fdd   Thumb Code    24  stm32f4xx_usart.o(.text)
    USART_DMACmd                             0x08001ff5   Thumb Code    18  stm32f4xx_usart.o(.text)
    USART_ITConfig                           0x08002007   Thumb Code    74  stm32f4xx_usart.o(.text)
    USART_GetFlagStatus                      0x08002051   Thumb Code    26  stm32f4xx_usart.o(.text)
    USART_ClearFlag                          0x0800206b   Thumb Code    18  stm32f4xx_usart.o(.text)
    USART_GetITStatus                        0x0800207d   Thumb Code   118  stm32f4xx_usart.o(.text)
    USART_ClearITPendingBit                  0x080020f3   Thumb Code    30  stm32f4xx_usart.o(.text)
    TIM_DeInit                               0x08002111   Thumb Code   346  stm32f4xx_tim.o(.text)
    TIM_TimeBaseInit                         0x0800226b   Thumb Code   104  stm32f4xx_tim.o(.text)
    TIM_TimeBaseStructInit                   0x080022d3   Thumb Code    18  stm32f4xx_tim.o(.text)
    TIM_PrescalerConfig                      0x080022e5   Thumb Code     6  stm32f4xx_tim.o(.text)
    TIM_CounterModeConfig                    0x080022eb   Thumb Code    18  stm32f4xx_tim.o(.text)
    TIM_SetCounter                           0x080022fd   Thumb Code     4  stm32f4xx_tim.o(.text)
    TIM_SetAutoreload                        0x08002301   Thumb Code     4  stm32f4xx_tim.o(.text)
    TIM_GetCounter                           0x08002305   Thumb Code     6  stm32f4xx_tim.o(.text)
    TIM_GetPrescaler                         0x0800230b   Thumb Code     6  stm32f4xx_tim.o(.text)
    TIM_UpdateDisableConfig                  0x08002311   Thumb Code    24  stm32f4xx_tim.o(.text)
    TIM_UpdateRequestConfig                  0x08002329   Thumb Code    24  stm32f4xx_tim.o(.text)
    TIM_ARRPreloadConfig                     0x08002341   Thumb Code    24  stm32f4xx_tim.o(.text)
    TIM_SelectOnePulseMode                   0x08002359   Thumb Code    18  stm32f4xx_tim.o(.text)
    TIM_SetClockDivision                     0x0800236b   Thumb Code    18  stm32f4xx_tim.o(.text)
    TIM_Cmd                                  0x0800237d   Thumb Code    24  stm32f4xx_tim.o(.text)
    TIM_OC1Init                              0x08002395   Thumb Code   114  stm32f4xx_tim.o(.text)
    TIM_OC2Init                              0x08002407   Thumb Code   154  stm32f4xx_tim.o(.text)
    TIM_OC3Init                              0x080024a1   Thumb Code   204  stm32f4xx_tim.o(.text)
    TIM_OC4Init                              0x0800256d   Thumb Code   112  stm32f4xx_tim.o(.text)
    TIM_OCStructInit                         0x080025dd   Thumb Code    20  stm32f4xx_tim.o(.text)
    TIM_SelectOCxM                           0x080025f1   Thumb Code    86  stm32f4xx_tim.o(.text)
    TIM_SetCompare1                          0x08002647   Thumb Code     4  stm32f4xx_tim.o(.text)
    TIM_SetCompare2                          0x0800264b   Thumb Code     4  stm32f4xx_tim.o(.text)
    TIM_SetCompare3                          0x0800264f   Thumb Code     4  stm32f4xx_tim.o(.text)
    TIM_SetCompare4                          0x08002653   Thumb Code     4  stm32f4xx_tim.o(.text)
    TIM_ForcedOC1Config                      0x08002657   Thumb Code    18  stm32f4xx_tim.o(.text)
    TIM_ForcedOC2Config                      0x08002669   Thumb Code    26  stm32f4xx_tim.o(.text)
    TIM_ForcedOC3Config                      0x08002683   Thumb Code    18  stm32f4xx_tim.o(.text)
    TIM_ForcedOC4Config                      0x08002695   Thumb Code    26  stm32f4xx_tim.o(.text)
    TIM_OC1PreloadConfig                     0x080026af   Thumb Code    18  stm32f4xx_tim.o(.text)
    TIM_OC2PreloadConfig                     0x080026c1   Thumb Code    26  stm32f4xx_tim.o(.text)
    TIM_OC3PreloadConfig                     0x080026db   Thumb Code    18  stm32f4xx_tim.o(.text)
    TIM_OC4PreloadConfig                     0x080026ed   Thumb Code    26  stm32f4xx_tim.o(.text)
    TIM_OC1FastConfig                        0x08002707   Thumb Code    18  stm32f4xx_tim.o(.text)
    TIM_OC2FastConfig                        0x08002719   Thumb Code    26  stm32f4xx_tim.o(.text)
    TIM_OC3FastConfig                        0x08002733   Thumb Code    18  stm32f4xx_tim.o(.text)
    TIM_OC4FastConfig                        0x08002745   Thumb Code    26  stm32f4xx_tim.o(.text)
    TIM_ClearOC1Ref                          0x0800275f   Thumb Code    18  stm32f4xx_tim.o(.text)
    TIM_ClearOC2Ref                          0x08002771   Thumb Code    24  stm32f4xx_tim.o(.text)
    TIM_ClearOC3Ref                          0x08002789   Thumb Code    18  stm32f4xx_tim.o(.text)
    TIM_ClearOC4Ref                          0x0800279b   Thumb Code    24  stm32f4xx_tim.o(.text)
    TIM_OC1PolarityConfig                    0x080027b3   Thumb Code    18  stm32f4xx_tim.o(.text)
    TIM_OC1NPolarityConfig                   0x080027c5   Thumb Code    18  stm32f4xx_tim.o(.text)
    TIM_OC2PolarityConfig                    0x080027d7   Thumb Code    26  stm32f4xx_tim.o(.text)
    TIM_OC2NPolarityConfig                   0x080027f1   Thumb Code    26  stm32f4xx_tim.o(.text)
    TIM_OC3PolarityConfig                    0x0800280b   Thumb Code    26  stm32f4xx_tim.o(.text)
    TIM_OC3NPolarityConfig                   0x08002825   Thumb Code    26  stm32f4xx_tim.o(.text)
    TIM_OC4PolarityConfig                    0x0800283f   Thumb Code    26  stm32f4xx_tim.o(.text)
    TIM_CCxCmd                               0x08002859   Thumb Code    30  stm32f4xx_tim.o(.text)
    TIM_CCxNCmd                              0x08002877   Thumb Code    30  stm32f4xx_tim.o(.text)
    TIM_SetIC4Prescaler                      0x08002895   Thumb Code    26  stm32f4xx_tim.o(.text)
    TIM_SetIC3Prescaler                      0x080028ff   Thumb Code    18  stm32f4xx_tim.o(.text)
    TIM_SetIC2Prescaler                      0x08002959   Thumb Code    26  stm32f4xx_tim.o(.text)
    TIM_SetIC1Prescaler                      0x080029cd   Thumb Code    18  stm32f4xx_tim.o(.text)
    TIM_ICInit                               0x08002a19   Thumb Code   110  stm32f4xx_tim.o(.text)
    TIM_ICStructInit                         0x08002a87   Thumb Code    18  stm32f4xx_tim.o(.text)
    TIM_PWMIConfig                           0x08002a99   Thumb Code   124  stm32f4xx_tim.o(.text)
    TIM_GetCapture1                          0x08002b15   Thumb Code     6  stm32f4xx_tim.o(.text)
    TIM_GetCapture2                          0x08002b1b   Thumb Code     6  stm32f4xx_tim.o(.text)
    TIM_GetCapture3                          0x08002b21   Thumb Code     6  stm32f4xx_tim.o(.text)
    TIM_GetCapture4                          0x08002b27   Thumb Code     6  stm32f4xx_tim.o(.text)
    TIM_BDTRConfig                           0x08002b2d   Thumb Code    32  stm32f4xx_tim.o(.text)
    TIM_BDTRStructInit                       0x08002b4d   Thumb Code    18  stm32f4xx_tim.o(.text)
    TIM_CtrlPWMOutputs                       0x08002b5f   Thumb Code    30  stm32f4xx_tim.o(.text)
    TIM_SelectCOM                            0x08002b7d   Thumb Code    24  stm32f4xx_tim.o(.text)
    TIM_CCPreloadControl                     0x08002b95   Thumb Code    24  stm32f4xx_tim.o(.text)
    TIM_ITConfig                             0x08002bad   Thumb Code    18  stm32f4xx_tim.o(.text)
    TIM_GenerateEvent                        0x08002bbf   Thumb Code     4  stm32f4xx_tim.o(.text)
    TIM_GetFlagStatus                        0x08002bc3   Thumb Code    18  stm32f4xx_tim.o(.text)
    TIM_ClearFlag                            0x08002bd5   Thumb Code     6  stm32f4xx_tim.o(.text)
    TIM_GetITStatus                          0x08002bdb   Thumb Code    34  stm32f4xx_tim.o(.text)
    TIM_ClearITPendingBit                    0x08002bfd   Thumb Code     6  stm32f4xx_tim.o(.text)
    TIM_DMAConfig                            0x08002c03   Thumb Code    10  stm32f4xx_tim.o(.text)
    TIM_DMACmd                               0x08002c0d   Thumb Code    18  stm32f4xx_tim.o(.text)
    TIM_SelectCCDMA                          0x08002c1f   Thumb Code    24  stm32f4xx_tim.o(.text)
    TIM_InternalClockConfig                  0x08002c37   Thumb Code    12  stm32f4xx_tim.o(.text)
    TIM_SelectInputTrigger                   0x08002c43   Thumb Code    18  stm32f4xx_tim.o(.text)
    TIM_ITRxExternalClockConfig              0x08002c55   Thumb Code    24  stm32f4xx_tim.o(.text)
    TIM_TIxExternalClockConfig               0x08002c6d   Thumb Code    62  stm32f4xx_tim.o(.text)
    TIM_ETRConfig                            0x08002cab   Thumb Code    28  stm32f4xx_tim.o(.text)
    TIM_ETRClockMode1Config                  0x08002cc7   Thumb Code    54  stm32f4xx_tim.o(.text)
    TIM_ETRClockMode2Config                  0x08002cfd   Thumb Code    32  stm32f4xx_tim.o(.text)
    TIM_SelectOutputTrigger                  0x08002d1d   Thumb Code    18  stm32f4xx_tim.o(.text)
    TIM_SelectSlaveMode                      0x08002d2f   Thumb Code    18  stm32f4xx_tim.o(.text)
    TIM_SelectMasterSlaveMode                0x08002d41   Thumb Code    18  stm32f4xx_tim.o(.text)
    TIM_EncoderInterfaceConfig               0x08002d53   Thumb Code    66  stm32f4xx_tim.o(.text)
    TIM_SelectHallSensor                     0x08002d95   Thumb Code    24  stm32f4xx_tim.o(.text)
    TIM_RemapConfig                          0x08002dad   Thumb Code     6  stm32f4xx_tim.o(.text)
    DMA_DeInit                               0x08002db5   Thumb Code   324  stm32f4xx_dma.o(.text)
    DMA_Init                                 0x08002ef9   Thumb Code    82  stm32f4xx_dma.o(.text)
    DMA_StructInit                           0x08002f4b   Thumb Code    34  stm32f4xx_dma.o(.text)
    DMA_Cmd                                  0x08002f6d   Thumb Code    22  stm32f4xx_dma.o(.text)
    DMA_PeriphIncOffsetSizeConfig            0x08002f83   Thumb Code    22  stm32f4xx_dma.o(.text)
    DMA_FlowControllerConfig                 0x08002f99   Thumb Code    22  stm32f4xx_dma.o(.text)
    DMA_SetCurrDataCounter                   0x08002faf   Thumb Code     4  stm32f4xx_dma.o(.text)
    DMA_GetCurrDataCounter                   0x08002fb3   Thumb Code     8  stm32f4xx_dma.o(.text)
    DMA_DoubleBufferModeConfig               0x08002fbb   Thumb Code    24  stm32f4xx_dma.o(.text)
    DMA_DoubleBufferModeCmd                  0x08002fd3   Thumb Code    22  stm32f4xx_dma.o(.text)
    DMA_MemoryTargetConfig                   0x08002fe9   Thumb Code    10  stm32f4xx_dma.o(.text)
    DMA_GetCurrentMemoryTarget               0x08002ff3   Thumb Code    20  stm32f4xx_dma.o(.text)
    DMA_GetCmdStatus                         0x08003007   Thumb Code    20  stm32f4xx_dma.o(.text)
    DMA_GetFIFOStatus                        0x0800301b   Thumb Code    12  stm32f4xx_dma.o(.text)
    DMA_GetFlagStatus                        0x08003027   Thumb Code    56  stm32f4xx_dma.o(.text)
    DMA_ClearFlag                            0x0800305f   Thumb Code    40  stm32f4xx_dma.o(.text)
    DMA_ITConfig                             0x08003087   Thumb Code    58  stm32f4xx_dma.o(.text)
    DMA_GetITStatus                          0x080030c1   Thumb Code    84  stm32f4xx_dma.o(.text)
    DMA_ClearITPendingBit                    0x08003115   Thumb Code    40  stm32f4xx_dma.o(.text)
    FLASH_SetLatency                         0x0800315d   Thumb Code     6  stm32f4xx_flash.o(.text)
    FLASH_PrefetchBufferCmd                  0x08003163   Thumb Code    30  stm32f4xx_flash.o(.text)
    FLASH_InstructionCacheCmd                0x08003181   Thumb Code    30  stm32f4xx_flash.o(.text)
    FLASH_DataCacheCmd                       0x0800319f   Thumb Code    30  stm32f4xx_flash.o(.text)
    FLASH_InstructionCacheReset              0x080031bd   Thumb Code    14  stm32f4xx_flash.o(.text)
    FLASH_DataCacheReset                     0x080031cb   Thumb Code    14  stm32f4xx_flash.o(.text)
    FLASH_Unlock                             0x080031d9   Thumb Code    26  stm32f4xx_flash.o(.text)
    FLASH_Lock                               0x080031f3   Thumb Code    18  stm32f4xx_flash.o(.text)
    FLASH_GetStatus                          0x08003205   Thumb Code    90  stm32f4xx_flash.o(.text)
    FLASH_WaitForLastOperation               0x0800325f   Thumb Code    34  stm32f4xx_flash.o(.text)
    FLASH_EraseSector                        0x08003281   Thumb Code   140  stm32f4xx_flash.o(.text)
    FLASH_EraseAllSectors                    0x0800330d   Thumb Code   112  stm32f4xx_flash.o(.text)
    FLASH_EraseAllBank1Sectors               0x0800337d   Thumb Code   112  stm32f4xx_flash.o(.text)
    FLASH_EraseAllBank2Sectors               0x080033ed   Thumb Code   112  stm32f4xx_flash.o(.text)
    FLASH_ProgramDoubleWord                  0x0800345d   Thumb Code    86  stm32f4xx_flash.o(.text)
    FLASH_ProgramWord                        0x080034b3   Thumb Code    82  stm32f4xx_flash.o(.text)
    FLASH_ProgramHalfWord                    0x08003505   Thumb Code    96  stm32f4xx_flash.o(.text)
    FLASH_ProgramByte                        0x08003565   Thumb Code    70  stm32f4xx_flash.o(.text)
    FLASH_OB_Unlock                          0x080035ab   Thumb Code    26  stm32f4xx_flash.o(.text)
    FLASH_OB_Lock                            0x080035c5   Thumb Code    18  stm32f4xx_flash.o(.text)
    FLASH_OB_WRPConfig                       0x080035d7   Thumb Code    54  stm32f4xx_flash.o(.text)
    FLASH_OB_WRP1Config                      0x0800360d   Thumb Code    54  stm32f4xx_flash.o(.text)
    FLASH_OB_PCROPSelectionConfig            0x08003643   Thumb Code    24  stm32f4xx_flash.o(.text)
    FLASH_OB_PCROPConfig                     0x0800365b   Thumb Code    54  stm32f4xx_flash.o(.text)
    FLASH_OB_PCROP1Config                    0x08003691   Thumb Code    54  stm32f4xx_flash.o(.text)
    FLASH_OB_RDPConfig                       0x080036c7   Thumb Code    24  stm32f4xx_flash.o(.text)
    FLASH_OB_UserConfig                      0x080036df   Thumb Code    46  stm32f4xx_flash.o(.text)
    FLASH_OB_BootConfig                      0x0800370d   Thumb Code    26  stm32f4xx_flash.o(.text)
    FLASH_OB_BORConfig                       0x08003727   Thumb Code    26  stm32f4xx_flash.o(.text)
    FLASH_OB_Launch                          0x08003741   Thumb Code    30  stm32f4xx_flash.o(.text)
    FLASH_OB_GetUser                         0x0800375f   Thumb Code    12  stm32f4xx_flash.o(.text)
    FLASH_OB_GetWRP                          0x0800376b   Thumb Code     8  stm32f4xx_flash.o(.text)
    FLASH_OB_GetWRP1                         0x08003773   Thumb Code     8  stm32f4xx_flash.o(.text)
    FLASH_OB_GetPCROP                        0x0800377b   Thumb Code     8  stm32f4xx_flash.o(.text)
    FLASH_OB_GetPCROP1                       0x08003783   Thumb Code     8  stm32f4xx_flash.o(.text)
    FLASH_OB_GetRDP                          0x0800378b   Thumb Code    20  stm32f4xx_flash.o(.text)
    FLASH_OB_GetBOR                          0x0800379f   Thumb Code    12  stm32f4xx_flash.o(.text)
    FLASH_ITConfig                           0x080037ab   Thumb Code    26  stm32f4xx_flash.o(.text)
    FLASH_GetFlagStatus                      0x080037c5   Thumb Code    22  stm32f4xx_flash.o(.text)
    FLASH_ClearFlag                          0x080037db   Thumb Code     8  stm32f4xx_flash.o(.text)
    PWR_DeInit                               0x080037f1   Thumb Code    22  stm32f4xx_pwr.o(.text)
    PWR_BackupAccessCmd                      0x08003807   Thumb Code     6  stm32f4xx_pwr.o(.text)
    PWR_PVDLevelConfig                       0x0800380d   Thumb Code    18  stm32f4xx_pwr.o(.text)
    PWR_PVDCmd                               0x0800381f   Thumb Code     6  stm32f4xx_pwr.o(.text)
    PWR_WakeUpPinCmd                         0x08003825   Thumb Code     8  stm32f4xx_pwr.o(.text)
    PWR_BackupRegulatorCmd                   0x0800382d   Thumb Code     8  stm32f4xx_pwr.o(.text)
    PWR_MainRegulatorModeConfig              0x08003835   Thumb Code    18  stm32f4xx_pwr.o(.text)
    PWR_OverDriveCmd                         0x08003847   Thumb Code     6  stm32f4xx_pwr.o(.text)
    PWR_OverDriveSWCmd                       0x0800384d   Thumb Code     6  stm32f4xx_pwr.o(.text)
    PWR_UnderDriveCmd                        0x08003853   Thumb Code    30  stm32f4xx_pwr.o(.text)
    PWR_MainRegulatorLowVoltageCmd           0x08003871   Thumb Code    18  stm32f4xx_pwr.o(.text)
    PWR_LowRegulatorLowVoltageCmd            0x08003883   Thumb Code    18  stm32f4xx_pwr.o(.text)
    PWR_FlashPowerDownCmd                    0x08003895   Thumb Code     6  stm32f4xx_pwr.o(.text)
    PWR_EnterSTOPMode                        0x0800389b   Thumb Code    58  stm32f4xx_pwr.o(.text)
    PWR_EnterUnderDriveSTOPMode              0x080038d5   Thumb Code    58  stm32f4xx_pwr.o(.text)
    PWR_EnterSTANDBYMode                     0x0800390f   Thumb Code    32  stm32f4xx_pwr.o(.text)
    PWR_GetFlagStatus                        0x0800392f   Thumb Code    20  stm32f4xx_pwr.o(.text)
    PWR_ClearFlag                            0x08003943   Thumb Code    14  stm32f4xx_pwr.o(.text)
    RTC_WaitForSynchro                       0x0800395d   Thumb Code    92  stm32f4xx_rtc.o(.text)
    RTC_EnterInitMode                        0x080039b9   Thumb Code    84  stm32f4xx_rtc.o(.text)
    RTC_DeInit                               0x08003a0d   Thumb Code   204  stm32f4xx_rtc.o(.text)
    RTC_ExitInitMode                         0x08003ad9   Thumb Code    18  stm32f4xx_rtc.o(.text)
    RTC_Init                                 0x08003aeb   Thumb Code    94  stm32f4xx_rtc.o(.text)
    RTC_StructInit                           0x08003b49   Thumb Code    14  stm32f4xx_rtc.o(.text)
    RTC_WriteProtectionCmd                   0x08003b57   Thumb Code    22  stm32f4xx_rtc.o(.text)
    RTC_RefClockCmd                          0x08003b6d   Thumb Code    76  stm32f4xx_rtc.o(.text)
    RTC_BypassShadowCmd                      0x08003bb9   Thumb Code    54  stm32f4xx_rtc.o(.text)
    RTC_SetTime                              0x08003c21   Thumb Code   200  stm32f4xx_rtc.o(.text)
    RTC_TimeStructInit                       0x08003ce9   Thumb Code    12  stm32f4xx_rtc.o(.text)
    RTC_GetTime                              0x08003cf5   Thumb Code    74  stm32f4xx_rtc.o(.text)
    RTC_GetSubSecond                         0x08003d3f   Thumb Code    30  stm32f4xx_rtc.o(.text)
    RTC_SetDate                              0x08003d5d   Thumb Code   190  stm32f4xx_rtc.o(.text)
    RTC_DateStructInit                       0x08003e1b   Thumb Code    14  stm32f4xx_rtc.o(.text)
    RTC_GetDate                              0x08003e29   Thumb Code    70  stm32f4xx_rtc.o(.text)
    RTC_SetAlarm                             0x08003e6f   Thumb Code   230  stm32f4xx_rtc.o(.text)
    RTC_AlarmStructInit                      0x08003f55   Thumb Code    22  stm32f4xx_rtc.o(.text)
    RTC_GetAlarm                             0x08003f6b   Thumb Code   114  stm32f4xx_rtc.o(.text)
    RTC_AlarmCmd                             0x08003fdd   Thumb Code   112  stm32f4xx_rtc.o(.text)
    RTC_AlarmSubSecondConfig                 0x0800404d   Thumb Code    46  stm32f4xx_rtc.o(.text)
    RTC_GetAlarmSubSecond                    0x0800407b   Thumb Code    34  stm32f4xx_rtc.o(.text)
    RTC_WakeUpClockConfig                    0x0800409d   Thumb Code    42  stm32f4xx_rtc.o(.text)
    RTC_SetWakeUpCounter                     0x080040c7   Thumb Code    22  stm32f4xx_rtc.o(.text)
    RTC_GetWakeUpCounter                     0x080040dd   Thumb Code    10  stm32f4xx_rtc.o(.text)
    RTC_WakeUpCmd                            0x080040e7   Thumb Code   116  stm32f4xx_rtc.o(.text)
    RTC_DayLightSavingConfig                 0x0800415b   Thumb Code    50  stm32f4xx_rtc.o(.text)
    RTC_GetStoreOperation                    0x0800418d   Thumb Code    12  stm32f4xx_rtc.o(.text)
    RTC_OutputConfig                         0x08004199   Thumb Code    60  stm32f4xx_rtc.o(.text)
    RTC_CoarseCalibConfig                    0x080041d5   Thumb Code    52  stm32f4xx_rtc.o(.text)
    RTC_CoarseCalibCmd                       0x08004209   Thumb Code    76  stm32f4xx_rtc.o(.text)
    RTC_CalibOutputCmd                       0x08004255   Thumb Code    54  stm32f4xx_rtc.o(.text)
    RTC_CalibOutputConfig                    0x0800428b   Thumb Code    42  stm32f4xx_rtc.o(.text)
    RTC_SmoothCalibConfig                    0x080042b5   Thumb Code    90  stm32f4xx_rtc.o(.text)
    RTC_TimeStampCmd                         0x0800430f   Thumb Code    54  stm32f4xx_rtc.o(.text)
    RTC_GetTimeStamp                         0x08004345   Thumb Code   144  stm32f4xx_rtc.o(.text)
    RTC_GetTimeStampSubSecond                0x080043d5   Thumb Code     8  stm32f4xx_rtc.o(.text)
    RTC_TamperTriggerConfig                  0x080043dd   Thumb Code    38  stm32f4xx_rtc.o(.text)
    RTC_TamperCmd                            0x08004403   Thumb Code    34  stm32f4xx_rtc.o(.text)
    RTC_TamperFilterConfig                   0x08004425   Thumb Code    26  stm32f4xx_rtc.o(.text)
    RTC_TamperSamplingFreqConfig             0x0800443f   Thumb Code    26  stm32f4xx_rtc.o(.text)
    RTC_TamperPinsPrechargeDuration          0x08004459   Thumb Code    26  stm32f4xx_rtc.o(.text)
    RTC_TimeStampOnTamperDetectionCmd        0x08004473   Thumb Code    38  stm32f4xx_rtc.o(.text)
    RTC_TamperPullUpCmd                      0x08004499   Thumb Code    38  stm32f4xx_rtc.o(.text)
    RTC_WriteBackupRegister                  0x080044bf   Thumb Code    26  stm32f4xx_rtc.o(.text)
    RTC_ReadBackupRegister                   0x080044d9   Thumb Code    28  stm32f4xx_rtc.o(.text)
    RTC_TamperPinSelection                   0x080044f5   Thumb Code    26  stm32f4xx_rtc.o(.text)
    RTC_TimeStampPinSelection                0x0800450f   Thumb Code    26  stm32f4xx_rtc.o(.text)
    RTC_OutputTypeConfig                     0x08004529   Thumb Code    26  stm32f4xx_rtc.o(.text)
    RTC_SynchroShiftConfig                   0x08004543   Thumb Code   130  stm32f4xx_rtc.o(.text)
    RTC_ITConfig                             0x080045c5   Thumb Code    94  stm32f4xx_rtc.o(.text)
    RTC_GetFlagStatus                        0x08004623   Thumb Code    34  stm32f4xx_rtc.o(.text)
    RTC_ClearFlag                            0x08004645   Thumb Code    28  stm32f4xx_rtc.o(.text)
    RTC_GetITStatus                          0x08004661   Thumb Code    60  stm32f4xx_rtc.o(.text)
    RTC_ClearITPendingBit                    0x0800469d   Thumb Code    32  stm32f4xx_rtc.o(.text)
    IWDG_WriteAccessCmd                      0x080046c5   Thumb Code     6  stm32f4xx_iwdg.o(.text)
    IWDG_SetPrescaler                        0x080046cb   Thumb Code     6  stm32f4xx_iwdg.o(.text)
    IWDG_SetReload                           0x080046d1   Thumb Code     6  stm32f4xx_iwdg.o(.text)
    IWDG_ReloadCounter                       0x080046d7   Thumb Code    10  stm32f4xx_iwdg.o(.text)
    IWDG_Enable                              0x080046e1   Thumb Code    10  stm32f4xx_iwdg.o(.text)
    IWDG_GetFlagStatus                       0x080046eb   Thumb Code    20  stm32f4xx_iwdg.o(.text)
    Crc_16                                   0x08004705   Thumb Code    50  mbmrtu.o(.text)
    MBMSerialInit                            0x08004737   Thumb Code    52  mbmrtu.o(.text)
    MBMPro                                   0x0800476b   Thumb Code   522  mbmrtu.o(.text)
    MBMFun                                   0x08004975   Thumb Code    48  mbmrtu.o(.text)
    vMBPUSART1ISR                            0x080049a5   Thumb Code    38  mbmrtu.o(.text)
    vMBPTimerISR                             0x080049cb   Thumb Code   142  mbmrtu.o(.text)
    MBM_TASKTIM                              0x08004a59   Thumb Code    30  mbmrtu.o(.text)
    Vaule_Cha                                0x08004a77   Thumb Code   672  mbmrtu.o(.text)
    Vaule_Pro                                0x08004d17   Thumb Code   170  mbmrtu.o(.text)
    EventVaule_Cha                           0x08004dc1   Thumb Code   628  mbmrtu.o(.text)
    EventVaule_Pro                           0x08005035   Thumb Code   180  mbmrtu.o(.text)
    makeCH395_CRT_DataPack                   0x080050e9   Thumb Code   758  mbmrtu.o(.text)
    RXValue_Cha                              0x080053df   Thumb Code   134  mbmrtu.o(.text)
    MBM_Pro                                  0x08005465   Thumb Code   130  mbmrtu.o(.text)
    MBM_Upload_CHA                           0x080054e7   Thumb Code   150  mbmrtu.o(.text)
    MBM_Upload_Pro                           0x0800557d   Thumb Code    76  mbmrtu.o(.text)
    str2folat                                0x080055e9   Thumb Code   864  com_setting.o(.text)
    point_Pro                                0x08005949   Thumb Code   554  com_setting.o(.text)
    ReceiveSetting                           0x08005b73   Thumb Code  1702  com_setting.o(.text)
    LoadSetting                              0x08006219   Thumb Code   520  com_setting.o(.text)
    SettinRxPro                              0x08006421   Thumb Code   238  com_setting.o(.text)
    SettinRxPro4G                            0x0800650f   Thumb Code   242  com_setting.o(.text)
    ConFigWait                               0x08006601   Thumb Code    76  com_setting.o(.text)
    TIM3_Int_Init                            0x08006695   Thumb Code    88  timer.o(.text)
    TIM7_Int_Init                            0x080066ed   Thumb Code    86  timer.o(.text)
    TIM7_IRQHandler                          0x08006743   Thumb Code    26  timer.o(.text)
    TIM3_IRQHandler                          0x0800675d   Thumb Code    40  timer.o(.text)
    Tim_CHA                                  0x08006785   Thumb Code    26  timer.o(.text)
    sendOverTCP                              0x080067a9   Thumb Code    98  4gmod.o(.text)
    sendATCommand                            0x0800680b   Thumb Code   108  4gmod.o(.text)
    getRSSI                                  0x08006877   Thumb Code   124  4gmod.o(.text)
    sendPacket                               0x080068f3   Thumb Code    82  4gmod.o(.text)
    getCurrentTime                           0x08006945   Thumb Code    76  4gmod.o(.text)
    GetNetTim                                0x08006991   Thumb Code    48  4gmod.o(.text)
    Init4GMod                                0x080069c1   Thumb Code    94  4gmod.o(.text)
    Net_TIM                                  0x08006a1f   Thumb Code    16  4gmod.o(.text)
    WaitRdy                                  0x08006a2f   Thumb Code    78  4gmod.o(.text)
    mqtt_open                                0x08006ad9   Thumb Code    48  qos0pub.o(.text)
    mqtt_connect                             0x08006b09   Thumb Code   196  qos0pub.o(.text)
    mqtt_publish                             0x08006bcd   Thumb Code   138  qos0pub.o(.text)
    mqtt_disconnect                          0x08006c57   Thumb Code    74  qos0pub.o(.text)
    mqtt_pub                                 0x08006ca1   Thumb Code   186  qos0pub.o(.text)
    transport_close                          0x08006d95   Thumb Code    16  transport.o(.text)
    transport_sendPacketBuffer               0x08006da5   Thumb Code    34  transport.o(.text)
    transport_getdata                        0x08006dc7   Thumb Code     6  transport.o(.text)
    transport_getdatanb                      0x08006dcd   Thumb Code     6  transport.o(.text)
    transport_open                           0x08006dd3   Thumb Code    60  transport.o(.text)
    MQTTSerialize_connectLength              0x08006e51   Thumb Code   118  mqttconnectclient.o(.text)
    MQTTSerialize_connect                    0x08006ec7   Thumb Code   342  mqttconnectclient.o(.text)
    MQTTDeserialize_connack                  0x0800701d   Thumb Code   118  mqttconnectclient.o(.text)
    MQTTSerialize_zero                       0x08007093   Thumb Code    76  mqttconnectclient.o(.text)
    MQTTSerialize_disconnect                 0x080070df   Thumb Code    18  mqttconnectclient.o(.text)
    MQTTSerialize_pingreq                    0x080070f1   Thumb Code    18  mqttconnectclient.o(.text)
    MQTTPacket_encode                        0x08007115   Thumb Code    54  mqttpacket.o(.text)
    MQTTPacket_decode                        0x0800714b   Thumb Code    88  mqttpacket.o(.text)
    MQTTPacket_len                           0x080071a3   Thumb Code    34  mqttpacket.o(.text)
    bufchar                                  0x080071c5   Thumb Code    36  mqttpacket.o(.text)
    MQTTPacket_decodeBuf                     0x080071e9   Thumb Code    22  mqttpacket.o(.text)
    readInt                                  0x080071ff   Thumb Code    26  mqttpacket.o(.text)
    readChar                                 0x08007219   Thumb Code    14  mqttpacket.o(.text)
    writeChar                                0x08007227   Thumb Code    12  mqttpacket.o(.text)
    writeInt                                 0x08007233   Thumb Code    48  mqttpacket.o(.text)
    writeCString                             0x08007263   Thumb Code    40  mqttpacket.o(.text)
    getLenStringLen                          0x0800728b   Thumb Code    18  mqttpacket.o(.text)
    writeMQTTString                          0x0800729d   Thumb Code    62  mqttpacket.o(.text)
    readMQTTLenString                        0x080072db   Thumb Code    58  mqttpacket.o(.text)
    MQTTstrlen                               0x08007315   Thumb Code    24  mqttpacket.o(.text)
    MQTTPacket_equals                        0x0800732d   Thumb Code    66  mqttpacket.o(.text)
    MQTTPacket_read                          0x0800736f   Thumb Code    98  mqttpacket.o(.text)
    MQTTPacket_readnb                        0x08007437   Thumb Code   200  mqttpacket.o(.text)
    MQTTSerialize_publishLength              0x08007509   Thumb Code    34  mqttserializepublish.o(.text)
    MQTTSerialize_publish                    0x0800752b   Thumb Code   176  mqttserializepublish.o(.text)
    MQTTSerialize_ack                        0x080075db   Thumb Code   114  mqttserializepublish.o(.text)
    MQTTSerialize_puback                     0x0800764d   Thumb Code    24  mqttserializepublish.o(.text)
    MQTTSerialize_pubrel                     0x08007665   Thumb Code    26  mqttserializepublish.o(.text)
    MQTTSerialize_pubcomp                    0x0800767f   Thumb Code    24  mqttserializepublish.o(.text)
    __2sprintf                               0x08007699   Thumb Code    38  __2sprintf.o(.text)
    _printf_str                              0x080076c5   Thumb Code    82  _printf_str.o(.text)
    _printf_int_dec                          0x08007719   Thumb Code   104  _printf_dec.o(.text)
    __printf                                 0x08007791   Thumb Code   270  __printf_wp.o(.text)
    atoi                                     0x0800789f   Thumb Code    26  atoi.o(.text)
    strtok                                   0x080078b9   Thumb Code     6  strtok.o(.text)
    strchr                                   0x080078c5   Thumb Code    20  strchr.o(.text)
    strcpy                                   0x080078d9   Thumb Code    72  strcpy.o(.text)
    strlen                                   0x08007921   Thumb Code    62  strlen.o(.text)
    strncmp                                  0x0800795f   Thumb Code   150  strncmp.o(.text)
    strcat                                   0x080079f5   Thumb Code    24  strcat.o(.text)
    __aeabi_memcpy                           0x08007a0d   Thumb Code     0  rt_memcpy_v6.o(.text)
    __rt_memcpy                              0x08007a0d   Thumb Code   138  rt_memcpy_v6.o(.text)
    _memcpy_lastbytes                        0x08007a73   Thumb Code     0  rt_memcpy_v6.o(.text)
    __aeabi_memcpy4                          0x08007a97   Thumb Code     0  rt_memcpy_w.o(.text)
    __aeabi_memcpy8                          0x08007a97   Thumb Code     0  rt_memcpy_w.o(.text)
    __rt_memcpy_w                            0x08007a97   Thumb Code   100  rt_memcpy_w.o(.text)
    _memcpy_lastbytes_aligned                0x08007adf   Thumb Code     0  rt_memcpy_w.o(.text)
    __aeabi_memclr                           0x08007afb   Thumb Code     0  rt_memclr.o(.text)
    __rt_memclr                              0x08007afb   Thumb Code    68  rt_memclr.o(.text)
    _memset                                  0x08007aff   Thumb Code     0  rt_memclr.o(.text)
    __aeabi_memclr4                          0x08007b3f   Thumb Code     0  rt_memclr_w.o(.text)
    __aeabi_memclr8                          0x08007b3f   Thumb Code     0  rt_memclr_w.o(.text)
    __rt_memclr_w                            0x08007b3f   Thumb Code    78  rt_memclr_w.o(.text)
    _memset_w                                0x08007b43   Thumb Code     0  rt_memclr_w.o(.text)
    strncpy                                  0x08007b8d   Thumb Code    86  strncpy.o(.text)
    mktime                                   0x08007c23   Thumb Code   352  mktime.o(.text)
    __use_two_region_memory                  0x08007d8d   Thumb Code     2  heapauxi.o(.text)
    __rt_heap_escrow$2region                 0x08007d8f   Thumb Code     2  heapauxi.o(.text)
    __rt_heap_expand$2region                 0x08007d91   Thumb Code     2  heapauxi.o(.text)
    __aeabi_errno_addr                       0x08007d95   Thumb Code     8  rt_errno_addr_intlibspace.o(.text)
    __errno$intlibspace                      0x08007d95   Thumb Code     0  rt_errno_addr_intlibspace.o(.text)
    __rt_errno_addr$intlibspace              0x08007d95   Thumb Code     0  rt_errno_addr_intlibspace.o(.text)
    _printf_int_common                       0x08007d9d   Thumb Code   178  _printf_intcommon.o(.text)
    _printf_char_common                      0x08007e5b   Thumb Code    32  _printf_char_common.o(.text)
    _sputc                                   0x08007e81   Thumb Code    10  _sputc.o(.text)
    _printf_cs_common                        0x08007e8b   Thumb Code    20  _printf_char.o(.text)
    _printf_char                             0x08007e9f   Thumb Code    16  _printf_char.o(.text)
    _printf_string                           0x08007eaf   Thumb Code     8  _printf_char.o(.text)
    strtol                                   0x08007eb7   Thumb Code   112  strtol.o(.text)
    __strtok_internal                        0x08007f29   Thumb Code    64  strtok_int.o(.text)
    __user_libspace                          0x08007f6d   Thumb Code     8  libspace.o(.text)
    __user_perproc_libspace                  0x08007f6d   Thumb Code     0  libspace.o(.text)
    __user_perthread_libspace                0x08007f6d   Thumb Code     0  libspace.o(.text)
    __rt_ctype_table                         0x08007f75   Thumb Code    16  rt_ctype_table.o(.text)
    _strtoul                                 0x08007f85   Thumb Code   158  _strtoul.o(.text)
    strcspn                                  0x08008023   Thumb Code    32  strcspn.o(.text)
    strspn                                   0x08008043   Thumb Code    28  strspn.o(.text)
    __user_setup_stackheap                   0x0800805f   Thumb Code    74  sys_stackheap_outer.o(.text)
    __rt_locale                              0x080080a9   Thumb Code     8  rt_locale_intlibspace.o(.text)
    _chval                                   0x080080b1   Thumb Code    28  _chval.o(.text)
    exit                                     0x080080cd   Thumb Code    12  exit.o(.text)
    strcmp                                   0x080080d9   Thumb Code   128  strcmpv7m.o(.text)
    _sys_exit                                0x08008159   Thumb Code     8  sys_exit.o(.text)
    __I$use$semihosting                      0x08008165   Thumb Code     0  use_no_semi.o(.text)
    __use_no_semihosting_swi                 0x08008165   Thumb Code     2  use_no_semi.o(.text)
    __semihosting_library_function           0x08008167   Thumb Code     0  indicate_semi.o(.text)
    _is_digit                                0x08008167   Thumb Code    14  __printf_wp.o(i._is_digit)
    _get_lc_ctype                            0x08008175   Thumb Code    44  lc_ctype_c.o(locale$$code)
    _fp_init                                 0x080081a1   Thumb Code    10  fpinit.o(x$fpl$fpinit)
    __fplib_config_fpu_vfp                   0x080081a9   Thumb Code     0  fpinit.o(x$fpl$fpinit)
    __fplib_config_pureend_doubles           0x080081a9   Thumb Code     0  fpinit.o(x$fpl$fpinit)
    auchCRCHi                                0x080081ac   Data         256  mbmrtu.o(.constdata)
    auchCRCLo                                0x080082ac   Data         256  mbmrtu.o(.constdata)
    _monlen                                  0x0800842e   Data          12  _monlen.o(.constdata)
    Region$$Table$$Base                      0x08008558   Number         0  anon$$obj.o(Region$$Table)
    Region$$Table$$Limit                     0x08008578   Number         0  anon$$obj.o(Region$$Table)
    __ctype                                  0x08008585   Data           0  lc_ctype_c.o(locale$$data)
    Sys_Base                                 0x20000000   Data           2  main.o(.data)
    SystemCoreClock                          0x20000008   Data           4  system_stm32f4xx.o(.data)
    AHBPrescTable                            0x2000000c   Data          16  system_stm32f4xx.o(.data)
    NVIC_InitStructure                       0x2000001c   Data           4  rtc.o(.data)
    tt55                                     0x20000020   Data           4  rtc.o(.data)
    stdogTaskCycle                           0x20000024   Data           8  iwdg.o(.data)
    UartRunFlag                              0x20000030   Data           1  usart.o(.data)
    MB_rxcnt                                 0x20000044   Data           1  mbmrtu.o(.data)
    MBErrorcnt                               0x20000045   Data           1  mbmrtu.o(.data)
    eState                                   0x20000046   Data           1  mbmrtu.o(.data)
    pstNor                                   0x20000048   Data           4  mbmrtu.o(.data)
    pstEvent                                 0x2000004c   Data           4  mbmrtu.o(.data)
    stCbase                                  0x20000050   Data           2  mbmrtu.o(.data)
    MBM_COM                                  0x20000054   Data           4  mbmrtu.o(.data)
    srl                                      0x20000058   Data           8  com_setting.o(.data)
    MOD_Set                                  0x20000060   Data           4  com_setting.o(.data)
    stConfigBase                             0x20000064   Data           2  com_setting.o(.data)
    stTimTaskCycle                           0x20000068   Data           8  com_setting.o(.data)
    tempnum                                  0x20000070   Data           2  com_setting.o(.data)
    Flash_Pos                                0x20000074   Data           4  com_setting.o(.data)
    ASCIICCID                                0x20000078   Data          17  com_setting.o(.data)
    hexCCID                                  0x20000089   Data           6  com_setting.o(.data)
    regAllNum                                0x2000008f   Data           1  com_setting.o(.data)
    rnCount                                  0x20000090   Data           1  com_setting.o(.data)
    ucNorcnt                                 0x20000092   Data           2  com_setting.o(.data)
    ucEventcnt                               0x20000094   Data           2  com_setting.o(.data)
    stNetTIMTaskCycle                        0x20000098   Data           8  4gmod.o(.data)
    AT_CMD                                   0x200000a0   Data          40  4gmod.o(.data)
    AT_GPSCMD                                0x200000c8   Data          12  4gmod.o(.data)
    QSN_Flag                                 0x200000d4   Data           1  4gmod.o(.data)
    MOD_4G                                   0x200000d8   Data           4  4gmod.o(.data)
    OnlineFlag                               0x200000dc   Data           1  qos0pub.o(.data)
    stuUSART1                                0x200000ec   Data         532  usart.o(.bss)
    stuUSART3                                0x20000300   Data         532  usart.o(.bss)
    stuUSART6                                0x20000514   Data        2814  usart.o(.bss)
    MbmTimerHdls                             0x20001014   Data          12  mbmrtu.o(.bss)
    Mbm_RxBuf                                0x20001020   Data          20  mbmrtu.o(.bss)
    stMBMTaskCycle                           0x20001034   Data        3212  mbmrtu.o(.bss)
    csr                                      0x20001cc0   Data         202  com_setting.o(.bss)
    stNorPoint                               0x20001d8c   Data       16000  com_setting.o(.bss)
    stEventPoint                             0x20005c0c   Data       16000  com_setting.o(.bss)
    temprx                                   0x20009a8c   Data         300  com_setting.o(.bss)
    mqttbuf                                  0x20009bb8   Data        1400  qos0pub.o(.bss)
    __libspace_start                         0x2000a130   Data          96  libspace.o(.bss)
    __temporary_stack_top$libspace           0x2000a190   Data           0  libspace.o(.bss)



==============================================================================

Memory Map of the image

  Image Entry point : 0x08000189

  Load Region LR_IROM1 (Base: 0x08000000, Size: 0x00008774, Max: 0x00080000, ABSOLUTE)

    Execution Region ER_IROM1 (Base: 0x08000000, Size: 0x00008688, Max: 0x00080000, ABSOLUTE)

    Base Addr    Size         Type   Attr      Idx    E Section Name        Object

    0x08000000   0x00000188   Data   RO          495    RESET               startup_stm32f40_41xxx.o
    0x08000188   0x00000008   Code   RO         1135  * !!!main             c_w.l(__main.o)
    0x08000190   0x00000034   Code   RO         1334    !!!scatter          c_w.l(__scatter.o)
    0x080001c4   0x0000001a   Code   RO         1336    !!handler_copy      c_w.l(__scatter_copy.o)
    0x080001de   0x00000002   PAD
    0x080001e0   0x0000001c   Code   RO         1338    !!handler_zi        c_w.l(__scatter_zi.o)
    0x080001fc   0x00000000   Code   RO         1103    .ARM.Collect$$_printf_percent$$00000000  c_w.l(_printf_percent.o)
    0x080001fc   0x00000006   Code   RO         1102    .ARM.Collect$$_printf_percent$$00000009  c_w.l(_printf_d.o)
    0x08000202   0x00000006   Code   RO         1101    .ARM.Collect$$_printf_percent$$00000014  c_w.l(_printf_s.o)
    0x08000208   0x00000004   Code   RO         1153    .ARM.Collect$$_printf_percent$$00000017  c_w.l(_printf_percent_end.o)
    0x0800020c   0x00000002   Code   RO         1206    .ARM.Collect$$libinit$$00000000  c_w.l(libinit.o)
    0x0800020e   0x00000004   Code   RO         1211    .ARM.Collect$$libinit$$00000001  c_w.l(libinit2.o)
    0x08000212   0x00000000   Code   RO         1214    .ARM.Collect$$libinit$$00000004  c_w.l(libinit2.o)
    0x08000212   0x00000000   Code   RO         1217    .ARM.Collect$$libinit$$0000000A  c_w.l(libinit2.o)
    0x08000212   0x00000000   Code   RO         1219    .ARM.Collect$$libinit$$0000000C  c_w.l(libinit2.o)
    0x08000212   0x00000000   Code   RO         1221    .ARM.Collect$$libinit$$0000000E  c_w.l(libinit2.o)
    0x08000212   0x00000006   Code   RO         1222    .ARM.Collect$$libinit$$0000000F  c_w.l(libinit2.o)
    0x08000218   0x00000000   Code   RO         1224    .ARM.Collect$$libinit$$00000011  c_w.l(libinit2.o)
    0x08000218   0x0000000c   Code   RO         1225    .ARM.Collect$$libinit$$00000012  c_w.l(libinit2.o)
    0x08000224   0x00000000   Code   RO         1226    .ARM.Collect$$libinit$$00000013  c_w.l(libinit2.o)
    0x08000224   0x00000000   Code   RO         1228    .ARM.Collect$$libinit$$00000015  c_w.l(libinit2.o)
    0x08000224   0x00000000   Code   RO         1230    .ARM.Collect$$libinit$$00000017  c_w.l(libinit2.o)
    0x08000224   0x00000000   Code   RO         1232    .ARM.Collect$$libinit$$00000019  c_w.l(libinit2.o)
    0x08000224   0x00000000   Code   RO         1234    .ARM.Collect$$libinit$$0000001B  c_w.l(libinit2.o)
    0x08000224   0x00000000   Code   RO         1236    .ARM.Collect$$libinit$$0000001D  c_w.l(libinit2.o)
    0x08000224   0x00000000   Code   RO         1238    .ARM.Collect$$libinit$$0000001F  c_w.l(libinit2.o)
    0x08000224   0x00000000   Code   RO         1240    .ARM.Collect$$libinit$$00000021  c_w.l(libinit2.o)
    0x08000224   0x00000000   Code   RO         1242    .ARM.Collect$$libinit$$00000023  c_w.l(libinit2.o)
    0x08000224   0x00000000   Code   RO         1244    .ARM.Collect$$libinit$$00000025  c_w.l(libinit2.o)
    0x08000224   0x00000000   Code   RO         1248    .ARM.Collect$$libinit$$0000002C  c_w.l(libinit2.o)
    0x08000224   0x00000000   Code   RO         1250    .ARM.Collect$$libinit$$0000002E  c_w.l(libinit2.o)
    0x08000224   0x00000000   Code   RO         1252    .ARM.Collect$$libinit$$00000030  c_w.l(libinit2.o)
    0x08000224   0x00000000   Code   RO         1254    .ARM.Collect$$libinit$$00000032  c_w.l(libinit2.o)
    0x08000224   0x00000002   Code   RO         1255    .ARM.Collect$$libinit$$00000033  c_w.l(libinit2.o)
    0x08000226   0x00000002   Code   RO         1275    .ARM.Collect$$libshutdown$$00000000  c_w.l(libshutdown.o)
    0x08000228   0x00000000   Code   RO         1289    .ARM.Collect$$libshutdown$$00000003  c_w.l(libshutdown2.o)
    0x08000228   0x00000000   Code   RO         1292    .ARM.Collect$$libshutdown$$00000006  c_w.l(libshutdown2.o)
    0x08000228   0x00000000   Code   RO         1295    .ARM.Collect$$libshutdown$$00000009  c_w.l(libshutdown2.o)
    0x08000228   0x00000000   Code   RO         1297    .ARM.Collect$$libshutdown$$0000000B  c_w.l(libshutdown2.o)
    0x08000228   0x00000000   Code   RO         1300    .ARM.Collect$$libshutdown$$0000000E  c_w.l(libshutdown2.o)
    0x08000228   0x00000002   Code   RO         1301    .ARM.Collect$$libshutdown$$0000000F  c_w.l(libshutdown2.o)
    0x0800022a   0x00000000   Code   RO         1137    .ARM.Collect$$rtentry$$00000000  c_w.l(__rtentry.o)
    0x0800022a   0x00000000   Code   RO         1163    .ARM.Collect$$rtentry$$00000002  c_w.l(__rtentry2.o)
    0x0800022a   0x00000006   Code   RO         1175    .ARM.Collect$$rtentry$$00000004  c_w.l(__rtentry4.o)
    0x08000230   0x00000000   Code   RO         1165    .ARM.Collect$$rtentry$$00000009  c_w.l(__rtentry2.o)
    0x08000230   0x00000004   Code   RO         1166    .ARM.Collect$$rtentry$$0000000A  c_w.l(__rtentry2.o)
    0x08000234   0x00000000   Code   RO         1168    .ARM.Collect$$rtentry$$0000000C  c_w.l(__rtentry2.o)
    0x08000234   0x00000008   Code   RO         1169    .ARM.Collect$$rtentry$$0000000D  c_w.l(__rtentry2.o)
    0x0800023c   0x00000002   Code   RO         1207    .ARM.Collect$$rtexit$$00000000  c_w.l(rtexit.o)
    0x0800023e   0x00000000   Code   RO         1257    .ARM.Collect$$rtexit$$00000002  c_w.l(rtexit2.o)
    0x0800023e   0x00000004   Code   RO         1258    .ARM.Collect$$rtexit$$00000003  c_w.l(rtexit2.o)
    0x08000242   0x00000006   Code   RO         1259    .ARM.Collect$$rtexit$$00000004  c_w.l(rtexit2.o)
    0x08000248   0x0000022c   Code   RO            3    .text               main.o
    0x08000474   0x0000001a   Code   RO          186    .text               stm32f4xx_it.o
    0x0800048e   0x00000002   PAD
    0x08000490   0x00000210   Code   RO          235    .text               system_stm32f4xx.o
    0x080006a0   0x000000d0   Code   RO          261    .text               led.o
    0x08000770   0x0000015c   Code   RO          332    .text               stmflash.o
    0x080008cc   0x00000040   Code   RO          352    .text               ec20.o
    0x0800090c   0x00000208   Code   RO          381    .text               rtc.o
    0x08000b14   0x00000050   Code   RO          404    .text               iwdg.o
    0x08000b64   0x0000011c   Code   RO          427    .text               delay.o
    0x08000c80   0x0000062c   Code   RO          467    .text               usart.o
    0x080012ac   0x00000040   Code   RO          496    .text               startup_stm32f40_41xxx.o
    0x080012ec   0x000000e0   Code   RO          502    .text               misc.o
    0x080013cc   0x00000294   Code   RO          522    .text               stm32f4xx_gpio.o
    0x08001660   0x0000065c   Code   RO          542    .text               stm32f4xx_rcc.o
    0x08001cbc   0x00000454   Code   RO          584    .text               stm32f4xx_usart.o
    0x08002110   0x00000ca2   Code   RO          604    .text               stm32f4xx_tim.o
    0x08002db2   0x00000002   PAD
    0x08002db4   0x000003a8   Code   RO          624    .text               stm32f4xx_dma.o
    0x0800315c   0x00000694   Code   RO          644    .text               stm32f4xx_flash.o
    0x080037f0   0x0000016c   Code   RO          664    .text               stm32f4xx_pwr.o
    0x0800395c   0x00000d68   Code   RO          684    .text               stm32f4xx_rtc.o
    0x080046c4   0x00000040   Code   RO          724    .text               stm32f4xx_iwdg.o
    0x08004704   0x00000ee4   Code   RO          744    .text               mbmrtu.o
    0x080055e8   0x000010ac   Code   RO          772    .text               com_setting.o
    0x08006694   0x00000114   Code   RO          802    .text               timer.o
    0x080067a8   0x00000330   Code   RO          822    .text               4gmod.o
    0x08006ad8   0x000002bc   Code   RO          847    .text               qos0pub.o
    0x08006d94   0x000000bc   Code   RO          913    .text               transport.o
    0x08006e50   0x000002c4   Code   RO          933    .text               mqttconnectclient.o
    0x08007114   0x000003f4   Code   RO          991    .text               mqttpacket.o
    0x08007508   0x0000018e   Code   RO         1005    .text               mqttserializepublish.o
    0x08007696   0x00000002   PAD
    0x08007698   0x0000002c   Code   RO         1067    .text               c_w.l(__2sprintf.o)
    0x080076c4   0x00000052   Code   RO         1077    .text               c_w.l(_printf_str.o)
    0x08007716   0x00000002   PAD
    0x08007718   0x00000078   Code   RO         1079    .text               c_w.l(_printf_dec.o)
    0x08007790   0x0000010e   Code   RO         1089    .text               c_w.l(__printf_wp.o)
    0x0800789e   0x0000001a   Code   RO         1104    .text               c_w.l(atoi.o)
    0x080078b8   0x0000000c   Code   RO         1106    .text               c_w.l(strtok.o)
    0x080078c4   0x00000014   Code   RO         1109    .text               c_w.l(strchr.o)
    0x080078d8   0x00000048   Code   RO         1113    .text               c_w.l(strcpy.o)
    0x08007920   0x0000003e   Code   RO         1115    .text               c_w.l(strlen.o)
    0x0800795e   0x00000096   Code   RO         1117    .text               c_w.l(strncmp.o)
    0x080079f4   0x00000018   Code   RO         1119    .text               c_w.l(strcat.o)
    0x08007a0c   0x0000008a   Code   RO         1121    .text               c_w.l(rt_memcpy_v6.o)
    0x08007a96   0x00000064   Code   RO         1123    .text               c_w.l(rt_memcpy_w.o)
    0x08007afa   0x00000044   Code   RO         1125    .text               c_w.l(rt_memclr.o)
    0x08007b3e   0x0000004e   Code   RO         1127    .text               c_w.l(rt_memclr_w.o)
    0x08007b8c   0x00000056   Code   RO         1129    .text               c_w.l(strncpy.o)
    0x08007be2   0x00000002   PAD
    0x08007be4   0x000001a8   Code   RO         1131    .text               c_w.l(mktime.o)
    0x08007d8c   0x00000006   Code   RO         1133    .text               c_w.l(heapauxi.o)
    0x08007d92   0x00000002   PAD
    0x08007d94   0x00000008   Code   RO         1141    .text               c_w.l(rt_errno_addr_intlibspace.o)
    0x08007d9c   0x000000b2   Code   RO         1143    .text               c_w.l(_printf_intcommon.o)
    0x08007e4e   0x00000002   PAD
    0x08007e50   0x00000030   Code   RO         1145    .text               c_w.l(_printf_char_common.o)
    0x08007e80   0x0000000a   Code   RO         1147    .text               c_w.l(_sputc.o)
    0x08007e8a   0x0000002c   Code   RO         1151    .text               c_w.l(_printf_char.o)
    0x08007eb6   0x00000070   Code   RO         1154    .text               c_w.l(strtol.o)
    0x08007f26   0x00000002   PAD
    0x08007f28   0x00000044   Code   RO         1156    .text               c_w.l(strtok_int.o)
    0x08007f6c   0x00000008   Code   RO         1159    .text               c_w.l(libspace.o)
    0x08007f74   0x00000010   Code   RO         1177    .text               c_w.l(rt_ctype_table.o)
    0x08007f84   0x0000009e   Code   RO         1181    .text               c_w.l(_strtoul.o)
    0x08008022   0x00000020   Code   RO         1183    .text               c_w.l(strcspn.o)
    0x08008042   0x0000001c   Code   RO         1185    .text               c_w.l(strspn.o)
    0x0800805e   0x0000004a   Code   RO         1187    .text               c_w.l(sys_stackheap_outer.o)
    0x080080a8   0x00000008   Code   RO         1192    .text               c_w.l(rt_locale_intlibspace.o)
    0x080080b0   0x0000001c   Code   RO         1194    .text               c_w.l(_chval.o)
    0x080080cc   0x0000000c   Code   RO         1199    .text               c_w.l(exit.o)
    0x080080d8   0x00000080   Code   RO         1209    .text               c_w.l(strcmpv7m.o)
    0x08008158   0x0000000c   Code   RO         1267    .text               c_w.l(sys_exit.o)
    0x08008164   0x00000002   Code   RO         1278    .text               c_w.l(use_no_semi.o)
    0x08008166   0x00000000   Code   RO         1280    .text               c_w.l(indicate_semi.o)
    0x08008166   0x0000000e   Code   RO         1091    i._is_digit         c_w.l(__printf_wp.o)
    0x08008174   0x0000002c   Code   RO         1197    locale$$code        c_w.l(lc_ctype_c.o)
    0x080081a0   0x0000000a   Code   RO         1265    x$fpl$fpinit        fz_wm.l(fpinit.o)
    0x080081aa   0x00000002   PAD
    0x080081ac   0x0000020a   Data   RO          746    .constdata          mbmrtu.o
    0x080083b6   0x00000002   PAD
    0x080083b8   0x00000076   Data   RO          849    .constdata          qos0pub.o
    0x0800842e   0x0000000c   Data   RO         1158    .constdata          c_w.l(_monlen.o)
    0x0800843a   0x00000002   PAD
    0x0800843c   0x0000011b   Data   RO          823    .conststring        4gmod.o
    0x08008557   0x00000001   PAD
    0x08008558   0x00000020   Data   RO         1332    Region$$Table       anon$$obj.o
    0x08008578   0x00000110   Data   RO         1196    locale$$data        c_w.l(lc_ctype_c.o)


    Execution Region RW_IRAM1 (Base: 0x20000000, Size: 0x0000a790, Max: 0x00020000, ABSOLUTE)

    Base Addr    Size         Type   Attr      Idx    E Section Name        Object

    0x20000000   0x00000005   Data   RW            4    .data               main.o
    0x20000005   0x00000003   PAD
    0x20000008   0x00000014   Data   RW          236    .data               system_stm32f4xx.o
    0x2000001c   0x00000008   Data   RW          382    .data               rtc.o
    0x20000024   0x00000008   Data   RW          405    .data               iwdg.o
    0x2000002c   0x00000004   Data   RW          428    .data               delay.o
    0x20000030   0x00000001   Data   RW          469    .data               usart.o
    0x20000031   0x00000010   Data   RW          543    .data               stm32f4xx_rcc.o
    0x20000041   0x00000003   PAD
    0x20000044   0x00000014   Data   RW          747    .data               mbmrtu.o
    0x20000058   0x00000040   Data   RW          774    .data               com_setting.o
    0x20000098   0x00000044   Data   RW          824    .data               4gmod.o
    0x200000dc   0x00000001   Data   RW          850    .data               qos0pub.o
    0x200000dd   0x00000003   PAD
    0x200000e0   0x00000004   Data   RW          914    .data               transport.o
    0x200000e4   0x00000004   Data   RW          992    .data               mqttpacket.o
    0x200000e8   0x00000004   Data   RW         1107    .data               c_w.l(strtok.o)
    0x200000ec   0x00000f26   Zero   RW          468    .bss                usart.o
    0x20001012   0x00000002   PAD
    0x20001014   0x00000cac   Zero   RW          745    .bss                mbmrtu.o
    0x20001cc0   0x00007ef8   Zero   RW          773    .bss                com_setting.o
    0x20009bb8   0x00000578   Zero   RW          848    .bss                qos0pub.o
    0x2000a130   0x00000060   Zero   RW         1160    .bss                c_w.l(libspace.o)
    0x2000a190   0x00000200   Zero   RW          494    HEAP                startup_stm32f40_41xxx.o
    0x2000a390   0x00000400   Zero   RW          493    STACK               startup_stm32f40_41xxx.o


==============================================================================

Image component sizes


      Code (inc. data)   RO Data    RW Data    ZI Data      Debug   Object Name

       816         92        283         68          0       3772   4gmod.o
      4268        242          0         64      32504       7709   com_setting.o
       284          8          0          4          0       1785   delay.o
        64          6          0          0          0        629   ec20.o
        80         10          0          8          0       1511   iwdg.o
       208         12          0          0          0       1350   led.o
       556         44          0          5          0     326578   main.o
      3812        166        522         20       3244       9250   mbmrtu.o
       224         20          0          0          0       2009   misc.o
       708         18          0          0          0       5762   mqttconnectclient.o
      1012         10          0          4          0       6452   mqttpacket.o
       398          0          0          0          0       2754   mqttserializepublish.o
       700         58        118          1       1400       6420   qos0pub.o
       520          6          0          8          0       3387   rtc.o
        64         26        392          0       1536        904   startup_stm32f40_41xxx.o
       936         32          0          0          0       6481   stm32f4xx_dma.o
      1684         28          0          0          0       9346   stm32f4xx_flash.o
       660         44          0          0          0       4285   stm32f4xx_gpio.o
        26          0          0          0          0       1318   stm32f4xx_it.o
        64          6          0          0          0       1425   stm32f4xx_iwdg.o
       364         12          0          0          0       3831   stm32f4xx_pwr.o
      1628         52          0         16          0      13168   stm32f4xx_rcc.o
      3432         44          0          0          0      15244   stm32f4xx_rtc.o
      3234         60          0          0          0      22488   stm32f4xx_tim.o
      1108         34          0          0          0       7984   stm32f4xx_usart.o
       348         44          0          0          0       2424   stmflash.o
       528         46          0         20          0       2063   system_stm32f4xx.o
       276         10          0          0          0       2030   timer.o
       188         66          0          4          0       2102   transport.o
      1580         94          0          1       3878       6135   usart.o

    ----------------------------------------------------------------------
     29776       1290       1350        232      42564     480596   Object Totals
         0          0         32          0          0          0   (incl. Generated)
         6          0          3          9          2          0   (incl. Padding)

    ----------------------------------------------------------------------

      Code (inc. data)   RO Data    RW Data    ZI Data      Debug   Library Member Name

        44          6          0          0          0         84   __2sprintf.o
         8          0          0          0          0         68   __main.o
       284          0          0          0          0        156   __printf_wp.o
         0          0          0          0          0          0   __rtentry.o
        12          0          0          0          0          0   __rtentry2.o
         6          0          0          0          0          0   __rtentry4.o
        52          8          0          0          0          0   __scatter.o
        26          0          0          0          0          0   __scatter_copy.o
        28          0          0          0          0          0   __scatter_zi.o
        28          0          0          0          0         68   _chval.o
         0          0         12          0          0          0   _monlen.o
        44          0          0          0          0        108   _printf_char.o
        48          6          0          0          0         96   _printf_char_common.o
         6          0          0          0          0          0   _printf_d.o
       120         16          0          0          0         92   _printf_dec.o
       178          0          0          0          0         88   _printf_intcommon.o
         0          0          0          0          0          0   _printf_percent.o
         4          0          0          0          0          0   _printf_percent_end.o
         6          0          0          0          0          0   _printf_s.o
        82          0          0          0          0         80   _printf_str.o
        10          0          0          0          0         68   _sputc.o
       158          0          0          0          0         92   _strtoul.o
        26          0          0          0          0         80   atoi.o
        12          0          0          0          0         72   exit.o
         6          0          0          0          0        152   heapauxi.o
         0          0          0          0          0          0   indicate_semi.o
        44         10        272          0          0         76   lc_ctype_c.o
         2          0          0          0          0          0   libinit.o
        24          0          0          0          0          0   libinit2.o
         2          0          0          0          0          0   libshutdown.o
         2          0          0          0          0          0   libshutdown2.o
         8          4          0          0         96         68   libspace.o
       424         10          0          0          0        124   mktime.o
        16          4          0          0          0         76   rt_ctype_table.o
         8          4          0          0          0         68   rt_errno_addr_intlibspace.o
         8          4          0          0          0         68   rt_locale_intlibspace.o
        68          0          0          0          0         68   rt_memclr.o
        78          0          0          0          0         80   rt_memclr_w.o
       138          0          0          0          0         68   rt_memcpy_v6.o
       100          0          0          0          0         80   rt_memcpy_w.o
         2          0          0          0          0          0   rtexit.o
        10          0          0          0          0          0   rtexit2.o
        24          0          0          0          0         68   strcat.o
        20          0          0          0          0         68   strchr.o
       128          0          0          0          0         68   strcmpv7m.o
        72          0          0          0          0         80   strcpy.o
        32          0          0          0          0         80   strcspn.o
        62          0          0          0          0         76   strlen.o
       150          0          0          0          0         80   strncmp.o
        86          0          0          0          0         76   strncpy.o
        28          0          0          0          0         80   strspn.o
        12          6          0          4          0         68   strtok.o
        68          4          0          0          0         84   strtok_int.o
       112          0          0          0          0         88   strtol.o
        12          4          0          0          0         68   sys_exit.o
        74          0          0          0          0         80   sys_stackheap_outer.o
         2          0          0          0          0         68   use_no_semi.o
        10          0          0          0          0        116   fpinit.o

    ----------------------------------------------------------------------
      3028         86        286          4         96       3328   Library Totals
        14          0          2          0          0          0   (incl. Padding)

    ----------------------------------------------------------------------

      Code (inc. data)   RO Data    RW Data    ZI Data      Debug   Library Name

      3004         86        284          4         96       3212   c_w.l
        10          0          0          0          0        116   fz_wm.l

    ----------------------------------------------------------------------
      3028         86        286          4         96       3328   Library Totals

    ----------------------------------------------------------------------

==============================================================================


      Code (inc. data)   RO Data    RW Data    ZI Data      Debug   

     32804       1376       1636        236      42660     475252   Grand Totals
     32804       1376       1636        236      42660     475252   ELF Image Totals
     32804       1376       1636        236          0          0   ROM Totals

==============================================================================

    Total RO  Size (Code + RO Data)                34440 (  33.63kB)
    Total RW  Size (RW Data + ZI Data)             42896 (  41.89kB)
    Total ROM Size (Code + RO Data + RW Data)      34676 (  33.86kB)

==============================================================================

